Error   : illegal name overloading(included from: internal.h:12 after_after_body.c:12)element-type.h line 19   DIALOG, DIR, DIV, DL, DT, EMBED, FIELDSET, FIGCAPTION, FIGURE, FOOTER,Error   : illegal name overloading(included from: internal.h:12 after_after_frameset.c:12)element-type.h line 19   DIALOG, DIR, DIV, DL, DT, EMBED, FIELDSET, FIGCAPTION, FIGURE, FOOTER,Error   : illegal name overloading(included from: internal.h:12 after_body.c:12)element-type.h line 19   DIALOG, DIR, DIV, DL, DT, EMBED, FIELDSET, FIGCAPTION, FIGURE, FOOTER,Error   : illegal name overloading(included from: internal.h:12 after_frameset.c:12)element-type.h line 19   DIALOG, DIR, DIV, DL, DT, EMBED, FIELDSET, FIGCAPTION, FIGURE, FOOTER,Error   : illegal name overloading(included from: internal.h:12 after_head.c:12)element-type.h line 19   DIALOG, DIR, DIV, DL, DT, EMBED, FIELDSET, FIGCAPTION, FIGURE, FOOTER,Error   : illegal implicit conversion from 'long *' to'int *'ag_border_side_width.c line 104   _parse_calc(c, vector, ctx, result, buildOPV(op, 0, BORDER_WIDTH_CALC), UNIT_PX);Error   : expression syntax error(included from: propset.h:15 align_content.c:10)autogenerated_propset.h line 2290   uint32_t *bits = &style->i.bits[WIDTH_INDEX];Error   : undefined identifier 'bits'(included from: propset.h:15 align_content.c:10)autogenerated_propset.h line 2293   *bits = (*bits & ~WIDTH_MASK) | ((((uint32_t)type & 0x3) | (unit << 2))Error   : not an lvalue(included from: propset.h:15 align_content.c:10)autogenerated_propset.h line 2294   << WIDTH_SHIFT);Error   : expression syntax error(included from: propset.h:15 align_items.c:10)autogenerated_propset.h line 2290   uint32_t *bits = &style->i.bits[WIDTH_INDEX];Error   : undefined identifier 'bits'(included from: propset.h:15 align_items.c:10)autogenerated_propset.h line 2293   *bits = (*bits & ~WIDTH_MASK) | ((((uint32_t)type & 0x3) | (unit << 2))Error   : not an lvalue(included from: propset.h:15 align_items.c:10)autogenerated_propset.h line 2294   << WIDTH_SHIFT);Error   : expression syntax error(included from: propset.h:15 align_self.c:10)autogenerated_propset.h line 2290   uint32_t *bits = &style->i.bits[WIDTH_INDEX];Error   : undefined identifier 'bits'(included from: propset.h:15 align_self.c:10)autogenerated_propset.h line 2293   *bits = (*bits & ~WIDTH_MASK) | ((((uint32_t)type & 0x3) | (unit << 2))Error   : not an lvalue(included from: propset.h:15 align_self.c:10)autogenerated_propset.h line 2294   << WIDTH_SHIFT);Error   : undefined identifier 'css_error'arena.h line 24   enum css_error css__arena_intern_style(struct css_computed_style **style);Error   : undefined identifier 'css_error'arena.h line 32   enum css_error css__arena_remove_style(struct css_computed_style *style);Error   : identifier 'css__arena_intern_style(struct css_computed_style **)' redeclaredwas declared as: 'int (struct css_computed_style **)'now declared as: 'css_error (struct css_computed_style **)'arena.c line 150   {Error   : identifier 'css__arena_remove_style(struct css_computed_style *)' redeclaredwas declared as: 'int (struct css_computed_style *)'now declared as: 'css_error (struct css_computed_style *)'arena.c line 199   {Error   : declaration syntax error(included from: document.h:31 attr.c:20)hashtable.h line 70   nserror hash_add(struct hash_table *ht, const char *key, const char *value);Error   : declaration syntax error(included from: document.h:31 attr.c:20)hashtable.h line 95   nserror hash_add_file(struct hash_table *ht, const char *path);Error   : declaration syntax error(included from: document.h:31 attr.c:20)hashtable.h line 109   nserror hash_add_inline(struct hash_table *ht, const uint8_t *data, size_t size);Error   : illegal name overloadingelement-type.h line 19   DIALOG, DIR, DIV, DL, DT, EMBED, FIELDSET, FIGCAPTION, FIGURE, FOOTER,Error   : expression syntax errorautogenerated-element-type.c line 52   {"dir",                 DIR},Error   : too many initializersautogenerated-element-type.c line 123   {"tfoot",               TFOOT},Error   : illegal implicit conversion from 'long *' to'int *'autogenerated_column_count.c line 87   result, buildOPV(CSS_PROP_COLUMN_COUNT, 0, COLUMN_COUNT_CALC), UNIT_CALC_NUMBER);Error   : illegal implicit conversion from 'long *' to'int *'autogenerated_column_gap.c line 87   vector, ctx, result, buildOPV(CSS_PROP_COLUMN_GAP, 0, COLUMN_GAP_CALC), UNIT_PX);Error   : illegal implicit conversion from 'long *' to'int *'autogenerated_column_width.c line 87   or, ctx, result, buildOPV(CSS_PROP_COLUMN_WIDTH, 0, COLUMN_WIDTH_CALC), UNIT_PX);Error   : illegal implicit conversion from 'long *' to'int *'autogenerated_flex_basis.c line 95   vector, ctx, result, buildOPV(CSS_PROP_FLEX_BASIS, 0, FLEX_BASIS_CALC), UNIT_PX);Error   : illegal implicit conversion from 'long *' to'int *'autogenerated_flex_grow.c line 79   ctx, result, buildOPV(CSS_PROP_FLEX_GROW, 0, FLEX_GROW_CALC), UNIT_CALC_NUMBER);Error   : illegal implicit conversion from 'long *' to'int *'autogenerated_flex_shrink.c line 79   , result, buildOPV(CSS_PROP_FLEX_SHRINK, 0, FLEX_SHRINK_CALC), UNIT_CALC_NUMBER);Error   : illegal implicit conversion from 'long *' to'int *'autogenerated_font_size.c line 151   , vector, ctx, result, buildOPV(CSS_PROP_FONT_SIZE, 0, FONT_SIZE_CALC), UNIT_PX);Error   : illegal implicit conversion from 'long *' to'int *'autogenerated_height.c line 87   calc(c, vector, ctx, result, buildOPV(CSS_PROP_HEIGHT, 0, HEIGHT_CALC), UNIT_PX);Error   : illegal implicit conversion from 'long *' to'int *'autogenerated_letter_spacing.c line 87   ctx, result, buildOPV(CSS_PROP_LETTER_SPACING, 0, LETTER_SPACING_CALC), UNIT_PX);Error   : illegal implicit conversion from 'long *' to'int *'autogenerated_line_height.c line 87   ctx, result, buildOPV(CSS_PROP_LINE_HEIGHT, 0, LINE_HEIGHT_CALC), UNIT_CALC_ANY);Error   : illegal implicit conversion from 'long *' to'int *'autogenerated_margin_side.c line 88   = css__parse_calc(c, vector, ctx, result, buildOPV(op, 0, MARGIN_CALC), UNIT_PX);Error   : illegal implicit conversion from 'long *' to'int *'autogenerated_max_height.c line 87   vector, ctx, result, buildOPV(CSS_PROP_MAX_HEIGHT, 0, MAX_HEIGHT_CALC), UNIT_PX);Error   : illegal implicit conversion from 'long *' to'int *'autogenerated_max_width.c line 87   , vector, ctx, result, buildOPV(CSS_PROP_MAX_WIDTH, 0, MAX_WIDTH_CALC), UNIT_PX);Error   : illegal implicit conversion from 'long *' to'int *'autogenerated_min_height.c line 87   vector, ctx, result, buildOPV(CSS_PROP_MIN_HEIGHT, 0, MIN_HEIGHT_CALC), UNIT_PX);Error   : illegal implicit conversion from 'long *' to'int *'autogenerated_min_width.c line 87   , vector, ctx, result, buildOPV(CSS_PROP_MIN_WIDTH, 0, MIN_WIDTH_CALC), UNIT_PX);Error   : illegal implicit conversion from 'long *' to'int *'autogenerated_order.c line 79   vector, ctx, result, buildOPV(CSS_PROP_ORDER, 0, ORDER_CALC), UNIT_CALC_NUMBER);Error   : illegal implicit conversion from 'long *' to'int *'autogenerated_orphans.c line 79   tor, ctx, result, buildOPV(CSS_PROP_ORPHANS, 0, ORPHANS_CALC), UNIT_CALC_NUMBER);Error   : illegal implicit conversion from 'long *' to'int *'autogenerated_padding_side.c line 80   css__parse_calc(c, vector, ctx, result, buildOPV(op, 0, PADDING_CALC), UNIT_PX);Error   : illegal implicit conversion from 'long *' to'int *'autogenerated_pause_after.c line 79   ector, ctx, result, buildOPV(CSS_PROP_PAUSE_AFTER, 0, PAUSE_AFTER_CALC), UNIT_S);Error   : illegal implicit conversion from 'long *' to'int *'autogenerated_pause_before.c line 79   tor, ctx, result, buildOPV(CSS_PROP_PAUSE_BEFORE, 0, PAUSE_BEFORE_CALC), UNIT_S);Error   : illegal implicit conversion from 'long *' to'int *'autogenerated_pitch.c line 119   e_calc(c, vector, ctx, result, buildOPV(CSS_PROP_PITCH, 0, PITCH_CALC), UNIT_HZ);Error   : illegal implicit conversion from 'long *' to'int *'autogenerated_pitch_range.c line 79   , result, buildOPV(CSS_PROP_PITCH_RANGE, 0, PITCH_RANGE_CALC), UNIT_CALC_NUMBER);Error   : illegal implicit conversion from 'long *' to'int *'autogenerated_richness.c line 79   r, ctx, result, buildOPV(CSS_PROP_RICHNESS, 0, RICHNESS_CALC), UNIT_CALC_NUMBER);Error   : illegal implicit conversion from 'long *' to'int *'autogenerated_side.c line 88   = css__parse_calc(c, vector, ctx, result, buildOPV(op, 0, BOTTOM_CALC), UNIT_PX);Error   : illegal implicit conversion from 'long *' to'int *'autogenerated_speech_rate.c line 135   , result, buildOPV(CSS_PROP_SPEECH_RATE, 0, SPEECH_RATE_CALC), UNIT_CALC_NUMBER);Error   : illegal implicit conversion from 'long *' to'int *'autogenerated_stress.c line 79   ector, ctx, result, buildOPV(CSS_PROP_STRESS, 0, STRESS_CALC), UNIT_CALC_NUMBER);Error   : illegal implicit conversion from 'long *' to'int *'autogenerated_text_indent.c line 79   ctor, ctx, result, buildOPV(CSS_PROP_TEXT_INDENT, 0, TEXT_INDENT_CALC), UNIT_PX);Error   : illegal implicit conversion from 'long *' to'int *'autogenerated_vertical_align.c line 143   ctx, result, buildOPV(CSS_PROP_VERTICAL_ALIGN, 0, VERTICAL_ALIGN_CALC), UNIT_PX);Error   : illegal implicit conversion from 'long *' to'int *'autogenerated_volume.c line 127   , vector, ctx, result, buildOPV(CSS_PROP_VOLUME, 0, VOLUME_CALC), UNIT_CALC_ANY);Error   : illegal implicit conversion from 'long *' to'int *'autogenerated_widows.c line 79   ector, ctx, result, buildOPV(CSS_PROP_WIDOWS, 0, WIDOWS_CALC), UNIT_CALC_NUMBER);Error   : illegal implicit conversion from 'long *' to'int *'autogenerated_width.c line 87   e_calc(c, vector, ctx, result, buildOPV(CSS_PROP_WIDTH, 0, WIDTH_CALC), UNIT_PX);Error   : illegal implicit conversion from 'long *' to'int *'autogenerated_word_spacing.c line 87   or, ctx, result, buildOPV(CSS_PROP_WORD_SPACING, 0, WORD_SPACING_CALC), UNIT_PX);Error   : illegal implicit conversion from 'long *' to'int *'autogenerated_z_index.c line 87   tor, ctx, result, buildOPV(CSS_PROP_Z_INDEX, 0, Z_INDEX_CALC), UNIT_CALC_NUMBER);Error   : expression syntax error(included from: propset.h:15 background_attachment.c:10)autogenerated_propset.h line 2290   uint32_t *bits = &style->i.bits[WIDTH_INDEX];Error   : undefined identifier 'bits'(included from: propset.h:15 background_attachment.c:10)autogenerated_propset.h line 2293   *bits = (*bits & ~WIDTH_MASK) | ((((uint32_t)type & 0x3) | (unit << 2))Error   : not an lvalue(included from: propset.h:15 background_attachment.c:10)autogenerated_propset.h line 2294   << WIDTH_SHIFT);Error   : expression syntax error(included from: propset.h:15 background_color.c:10)autogenerated_propset.h line 2290   uint32_t *bits = &style->i.bits[WIDTH_INDEX];Error   : undefined identifier 'bits'(included from: propset.h:15 background_color.c:10)autogenerated_propset.h line 2293   *bits = (*bits & ~WIDTH_MASK) | ((((uint32_t)type & 0x3) | (unit << 2))Error   : not an lvalue(included from: propset.h:15 background_color.c:10)autogenerated_propset.h line 2294   << WIDTH_SHIFT);Error   : expression syntax error(included from: propset.h:15 background_image.c:10)autogenerated_propset.h line 2290   uint32_t *bits = &style->i.bits[WIDTH_INDEX];Error   : undefined identifier 'bits'(included from: propset.h:15 background_image.c:10)autogenerated_propset.h line 2293   *bits = (*bits & ~WIDTH_MASK) | ((((uint32_t)type & 0x3) | (unit << 2))Error   : not an lvalue(included from: propset.h:15 background_image.c:10)autogenerated_propset.h line 2294   << WIDTH_SHIFT);Error   : expression syntax error(included from: propset.h:15 background_repeat.c:10)autogenerated_propset.h line 2290   uint32_t *bits = &style->i.bits[WIDTH_INDEX];Error   : undefined identifier 'bits'(included from: propset.h:15 background_repeat.c:10)autogenerated_propset.h line 2293   *bits = (*bits & ~WIDTH_MASK) | ((((uint32_t)type & 0x3) | (unit << 2))Error   : not an lvalue(included from: propset.h:15 background_repeat.c:10)autogenerated_propset.h line 2294   << WIDTH_SHIFT);Error   : illegal name overloading(included from: internal.h:12 before_head.c:12)element-type.h line 19   DIALOG, DIR, DIV, DL, DT, EMBED, FIELDSET, FIGCAPTION, FIGURE, FOOTER,Error   : illegal name overloading(included from: internal.h:12 before_html.c:12)element-type.h line 19   DIALOG, DIR, DIV, DL, DT, EMBED, FIELDSET, FIGCAPTION, FIGURE, FOOTER,Error   : expression syntax error(included from: propset.h:15 border_bottom_color.c:10)autogenerated_propset.h line 2290   uint32_t *bits = &style->i.bits[WIDTH_INDEX];Error   : undefined identifier 'bits'(included from: propset.h:15 border_bottom_color.c:10)autogenerated_propset.h line 2293   *bits = (*bits & ~WIDTH_MASK) | ((((uint32_t)type & 0x3) | (unit << 2))Error   : not an lvalue(included from: propset.h:15 border_bottom_color.c:10)autogenerated_propset.h line 2294   << WIDTH_SHIFT);Error   : expression syntax error(included from: propset.h:15 border_bottom_style.c:10)autogenerated_propset.h line 2290   uint32_t *bits = &style->i.bits[WIDTH_INDEX];Error   : undefined identifier 'bits'(included from: propset.h:15 border_bottom_style.c:10)autogenerated_propset.h line 2293   *bits = (*bits & ~WIDTH_MASK) | ((((uint32_t)type & 0x3) | (unit << 2))Error   : not an lvalue(included from: propset.h:15 border_bottom_style.c:10)autogenerated_propset.h line 2294   << WIDTH_SHIFT);Error   : expression syntax error(included from: propset.h:15 border_bottom_width.c:10)autogenerated_propset.h line 2290   uint32_t *bits = &style->i.bits[WIDTH_INDEX];Error   : undefined identifier 'bits'(included from: propset.h:15 border_bottom_width.c:10)autogenerated_propset.h line 2293   *bits = (*bits & ~WIDTH_MASK) | ((((uint32_t)type & 0x3) | (unit << 2))Error   : not an lvalue(included from: propset.h:15 border_bottom_width.c:10)autogenerated_propset.h line 2294   << WIDTH_SHIFT);Error   : expression syntax error(included from: propset.h:15 border_collapse.c:10)autogenerated_propset.h line 2290   uint32_t *bits = &style->i.bits[WIDTH_INDEX];Error   : undefined identifier 'bits'(included from: propset.h:15 border_collapse.c:10)autogenerated_propset.h line 2293   *bits = (*bits & ~WIDTH_MASK) | ((((uint32_t)type & 0x3) | (unit << 2))Error   : not an lvalue(included from: propset.h:15 border_collapse.c:10)autogenerated_propset.h line 2294   << WIDTH_SHIFT);Error   : expression syntax error(included from: propset.h:15 border_left_color.c:10)autogenerated_propset.h line 2290   uint32_t *bits = &style->i.bits[WIDTH_INDEX];Error   : undefined identifier 'bits'(included from: propset.h:15 border_left_color.c:10)autogenerated_propset.h line 2293   *bits = (*bits & ~WIDTH_MASK) | ((((uint32_t)type & 0x3) | (unit << 2))Error   : not an lvalue(included from: propset.h:15 border_left_color.c:10)autogenerated_propset.h line 2294   << WIDTH_SHIFT);Error   : expression syntax error(included from: propset.h:15 border_left_style.c:10)autogenerated_propset.h line 2290   uint32_t *bits = &style->i.bits[WIDTH_INDEX];Error   : undefined identifier 'bits'(included from: propset.h:15 border_left_style.c:10)autogenerated_propset.h line 2293   *bits = (*bits & ~WIDTH_MASK) | ((((uint32_t)type & 0x3) | (unit << 2))Error   : not an lvalue(included from: propset.h:15 border_left_style.c:10)autogenerated_propset.h line 2294   << WIDTH_SHIFT);Error   : expression syntax error(included from: propset.h:15 border_left_width.c:10)autogenerated_propset.h line 2290   uint32_t *bits = &style->i.bits[WIDTH_INDEX];Error   : undefined identifier 'bits'(included from: propset.h:15 border_left_width.c:10)autogenerated_propset.h line 2293   *bits = (*bits & ~WIDTH_MASK) | ((((uint32_t)type & 0x3) | (unit << 2))Error   : not an lvalue(included from: propset.h:15 border_left_width.c:10)autogenerated_propset.h line 2294   << WIDTH_SHIFT);Error   : expression syntax error(included from: propset.h:15 border_right_color.c:10)autogenerated_propset.h line 2290   uint32_t *bits = &style->i.bits[WIDTH_INDEX];Error   : undefined identifier 'bits'(included from: propset.h:15 border_right_color.c:10)autogenerated_propset.h line 2293   *bits = (*bits & ~WIDTH_MASK) | ((((uint32_t)type & 0x3) | (unit << 2))Error   : not an lvalue(included from: propset.h:15 border_right_color.c:10)autogenerated_propset.h line 2294   << WIDTH_SHIFT);Error   : expression syntax error(included from: propset.h:15 border_right_style.c:10)autogenerated_propset.h line 2290   uint32_t *bits = &style->i.bits[WIDTH_INDEX];Error   : undefined identifier 'bits'(included from: propset.h:15 border_right_style.c:10)autogenerated_propset.h line 2293   *bits = (*bits & ~WIDTH_MASK) | ((((uint32_t)type & 0x3) | (unit << 2))Error   : not an lvalue(included from: propset.h:15 border_right_style.c:10)autogenerated_propset.h line 2294   << WIDTH_SHIFT);Error   : expression syntax error(included from: propset.h:15 border_right_width.c:10)autogenerated_propset.h line 2290   uint32_t *bits = &style->i.bits[WIDTH_INDEX];Error   : undefined identifier 'bits'(included from: propset.h:15 border_right_width.c:10)autogenerated_propset.h line 2293   *bits = (*bits & ~WIDTH_MASK) | ((((uint32_t)type & 0x3) | (unit << 2))Error   : not an lvalue(included from: propset.h:15 border_right_width.c:10)autogenerated_propset.h line 2294   << WIDTH_SHIFT);Error   : expression syntax error(included from: propset.h:15 border_top_color.c:10)autogenerated_propset.h line 2290   uint32_t *bits = &style->i.bits[WIDTH_INDEX];Error   : undefined identifier 'bits'(included from: propset.h:15 border_top_color.c:10)autogenerated_propset.h line 2293   *bits = (*bits & ~WIDTH_MASK) | ((((uint32_t)type & 0x3) | (unit << 2))Error   : not an lvalue(included from: propset.h:15 border_top_color.c:10)autogenerated_propset.h line 2294   << WIDTH_SHIFT);Error   : expression syntax error(included from: propset.h:15 border_top_style.c:10)autogenerated_propset.h line 2290   uint32_t *bits = &style->i.bits[WIDTH_INDEX];Error   : undefined identifier 'bits'(included from: propset.h:15 border_top_style.c:10)autogenerated_propset.h line 2293   *bits = (*bits & ~WIDTH_MASK) | ((((uint32_t)type & 0x3) | (unit << 2))Error   : not an lvalue(included from: propset.h:15 border_top_style.c:10)autogenerated_propset.h line 2294   << WIDTH_SHIFT);Error   : expression syntax error(included from: propset.h:15 border_top_width.c:10)autogenerated_propset.h line 2290   uint32_t *bits = &style->i.bits[WIDTH_INDEX];Error   : undefined identifier 'bits'(included from: propset.h:15 border_top_width.c:10)autogenerated_propset.h line 2293   *bits = (*bits & ~WIDTH_MASK) | ((((uint32_t)type & 0x3) | (unit << 2))Error   : not an lvalue(included from: propset.h:15 border_top_width.c:10)autogenerated_propset.h line 2294   << WIDTH_SHIFT);Error   : expression syntax error(included from: propset.h:15 bottom.c:10)autogenerated_propset.h line 2290   uint32_t *bits = &style->i.bits[WIDTH_INDEX];Error   : undefined identifier 'bits'(included from: propset.h:15 bottom.c:10)autogenerated_propset.h line 2293   *bits = (*bits & ~WIDTH_MASK) | ((((uint32_t)type & 0x3) | (unit << 2))Error   : not an lvalue(included from: propset.h:15 bottom.c:10)autogenerated_propset.h line 2294   << WIDTH_SHIFT);Error   : the file '../../../../bindings/hubbub/parser.h' cannot be opened(included from: private.h:27 box_construct.c:43)parser.h line 17   #include "../../../../bindings/hubbub/parser.h"Error   : declaration syntax errorprivate.h line 96   dom_hubbub_parser *parser; /**< Parser object handle */Error   : declaration syntax errorprivate.h line 108   dom_hubbub_encoding_source encoding_source;Error   : declaration syntax errorprivate.h line 213   } html_content;Error   : ')' expectedprivate.h line 229   void html__redraw_a_box(html_content *htmlc, struct box *box);Error   : ')' expectedprivate.h line 237   void html_finish_conversion(html_content *htmlc);Error   : ')' expectedprivate.h line 246   bool html_can_begin_conversion(html_content *htmlc);Error   : ')' expectedprivate.h line 254   bool html_begin_conversion(html_content *htmlc);Error   : illegal function definitionprivate.h line 260   bool html_exec(struct content *c, const char *src, size_t srclen);Error   : ')' expectedprivate.h line 273   nserror html_script_exec(html_content *htmlc, bool allow_defer);Error   : ')' expectedprivate.h line 282   nserror html_script_free(html_content *htmlc);Error   : ')' expectedprivate.h line 288   bool html_saw_insecure_scripts(html_content *htmlc);Error   : ')' expectedprivate.h line 294   nserror html_proceed_to_done(html_content *html);Error   : illegal function definitionprivate.h line 299   const struct rect *clip, const struct redraw_context *ctx);Error   : illegal function definitionprivate.h line 305   const struct redraw_context *ctx);Error   : illegal function definitionprivate.h line 310   const struct redraw_context *ctx);Error   : illegal function definitionprivate.h line 314   dom_hubbub_error html_process_script(void *ctx, dom_node *node);Error   : illegal function definitionprivate.h line 318   struct form *html_forms_get_forms(const char *docenc, dom_html_document *doc);Error   : illegal function definitionprivate.h line 320   dom_node *node);Error   : illegal function definitionprivate.h line 329   nserror html_css_fetcher_register(void);Error   : illegal function definitionprivate.h line 331   uint32_t *key);Error   : illegal function definitionprivate.h line 340   bool bubbles, bool cancelable);Error   : illegal function definitionprivate.h line 346   bool bubbles, bool cancelable, uint32_t key);Error   : identifier expectedprivate.h line 349   struct dom_string;Error   : illegal function definitionprivate.h line 351   extern struct dom_string *html_dom_string_map;Error   : illegal function definitionprivate.h line 352   extern struct dom_string *html_dom_string_id;Error   : illegal function definitionprivate.h line 353   extern struct dom_string *html_dom_string_name;Error   : illegal function definitionprivate.h line 354   extern struct dom_string *html_dom_string_area;Error   : illegal function definitionprivate.h line 355   extern struct dom_string *html_dom_string_a;Error   : illegal function definitionprivate.h line 356   extern struct dom_string *html_dom_string_nohref;Error   : illegal function definitionprivate.h line 357   extern struct dom_string *html_dom_string_href;Error   : illegal function definitionprivate.h line 358   extern struct dom_string *html_dom_string_target;Error   : illegal function definitionprivate.h line 359   extern struct dom_string *html_dom_string_shape;Error   : illegal function definitionprivate.h line 360   extern struct dom_string *html_dom_string_default;Error   : illegal function definitionprivate.h line 361   extern struct dom_string *html_dom_string_rect;Error   : illegal function definitionprivate.h line 362   extern struct dom_string *html_dom_string_rectangle;Error   : illegal function definitionprivate.h line 363   extern struct dom_string *html_dom_string_coords;Error   : illegal function definitionprivate.h line 364   extern struct dom_string *html_dom_string_circle;Error   : illegal function definitionprivate.h line 365   extern struct dom_string *html_dom_string_poly;Error   : illegal function definitionprivate.h line 366   extern struct dom_string *html_dom_string_polygon;Error   : illegal function definitionprivate.h line 367   extern struct dom_string *html_dom_string_text_javascript;Error   : illegal function definitionprivate.h line 368   extern struct dom_string *html_dom_string_type;Error   : illegal function definitionprivate.h line 369   extern struct dom_string *html_dom_string_src;Error   : identifier expectedobject.h line 27   struct html_content;Error   : identifier expectedobject.h line 28   struct browser_window;Error   : identifier expectedobject.h line 29   struct box;Error   : identifier expectedobject.h line 30   struct nsurl;Error   : illegal function definitionobject.h line 46   uct nsurl *url, struct box *box, content_type permitted_types, bool background);Error   : illegal function definitionobject.h line 57   nserror html_object_free_objects(struct html_content *html);Error   : illegal function definitionobject.h line 65   nserror html_object_close_objects(struct html_content *html);Error   : illegal function definitionobject.h line 75   html_object_open_objects(struct html_content *html, struct browser_window *bw);Error   : illegal function definitionobject.h line 84   nserror html_object_abort_objects(struct html_content *html);Error   : identifier expectedbox.h line 36   struct content;Error   : identifier expectedbox.h line 37   struct box;Error   : identifier expectedbox.h line 38   struct browser_window;Error   : identifier expectedbox.h line 39   struct html_content;Error   : identifier expectedbox.h line 40   struct nsurl;Error   : identifier expectedbox.h line 41   struct dom_node;Error   : identifier expectedbox.h line 42   struct dom_string;Error   : identifier expectedbox.h line 43   struct rect;Error   : illegal function definitionbox.h line 49   typedef void (*box_construct_complete_cb)(struct html_content *c, bool success);Error   : illegal function definitionbox.h line 72   } box_type;Error   : illegal function definitionbox.h line 92   } box_flags;Error   : identifier expectedbox.h line 98   enum box_side { TOP, RIGHT, BOTTOM, LEFT };Error   : identifier expectedbox.h line 108   };Error   : identifier expectedbox.h line 146   };Error   : identifier expectedbox.h line 158   };Error   : identifier expectedbox.h line 171   };Error   : declaration syntax errorbox.h line 181   box_type type;Error   : illegal function definitionbox.h line 186   box_flags flags;Error   : illegal function definitionbox.h line 191   struct dom_node *node;Error   : illegal function definitionbox.h line 197   css_select_results *styles;Error   : illegal function definitionbox.h line 205   css_computed_style *style;Error   : illegal function definitionbox.h line 210   lwc_string *id;Error   : illegal function definitionbox.h line 216   struct box *next;Error   : illegal function definitionbox.h line 221   struct box *prev;Error   : illegal function definitionbox.h line 226   struct box *children;Error   : illegal function definitionbox.h line 231   struct box *last;Error   : illegal function definitionbox.h line 236   struct box *parent;Error   : illegal function definitionbox.h line 242   struct box *inline_end;Error   : illegal function definitionbox.h line 251   struct box *float_children;Error   : illegal function definitionbox.h line 256   struct box *next_float;Error   : illegal function definitionbox.h line 261   struct box *float_container;Error   : illegal function definitionbox.h line 267   int clear_level;Error   : illegal function definitionbox.h line 272   int cached_place_below_level;Error   : illegal function definitionbox.h line 280   int x;Error   : illegal function definitionbox.h line 284   int y;Error   : illegal function definitionbox.h line 289   int width;Error   : illegal function definitionbox.h line 293   int height;Error   : illegal function definitionbox.h line 309   int descendant_x0;  /**< left edge of descendants */Error   : illegal function definitionbox.h line 310   int descendant_y0;  /**< top edge of descendants */Error   : illegal function definitionbox.h line 311   int descendant_x1;  /**< right edge of descendants */Error   : illegal function definitionbox.h line 312   int descendant_y1;  /**< bottom edge of descendants */Error   : illegal function definitionbox.h line 317   int margin[4];Error   : illegal function definitionbox.h line 322   int padding[4];Error   : illegal function definitionbox.h line 327   struct box_border border[4];Error   : illegal function definitionbox.h line 332   struct scrollbar *scroll_x;Error   : illegal function definitionbox.h line 337   struct scrollbar *scroll_y;Error   : illegal function definitionbox.h line 343   int min_width;Error   : illegal function definitionbox.h line 349   int max_width;Error   : the file '../../../../bindings/hubbub/parser.h' cannot be opened(included from: private.h:27 box_inspect.c:38)parser.h line 17   #include "../../../../bindings/hubbub/parser.h"Error   : declaration syntax errorprivate.h line 96   dom_hubbub_parser *parser; /**< Parser object handle */Error   : declaration syntax errorprivate.h line 108   dom_hubbub_encoding_source encoding_source;Error   : declaration syntax errorprivate.h line 213   } html_content;Error   : ')' expectedprivate.h line 229   void html__redraw_a_box(html_content *htmlc, struct box *box);Error   : ')' expectedprivate.h line 237   void html_finish_conversion(html_content *htmlc);Error   : ')' expectedprivate.h line 246   bool html_can_begin_conversion(html_content *htmlc);Error   : ')' expectedprivate.h line 254   bool html_begin_conversion(html_content *htmlc);Error   : illegal function definitionprivate.h line 260   bool html_exec(struct content *c, const char *src, size_t srclen);Error   : ')' expectedprivate.h line 273   nserror html_script_exec(html_content *htmlc, bool allow_defer);Error   : ')' expectedprivate.h line 282   nserror html_script_free(html_content *htmlc);Error   : ')' expectedprivate.h line 288   bool html_saw_insecure_scripts(html_content *htmlc);Error   : ')' expectedprivate.h line 294   nserror html_proceed_to_done(html_content *html);Error   : illegal function definitionprivate.h line 299   const struct rect *clip, const struct redraw_context *ctx);Error   : illegal function definitionprivate.h line 305   const struct redraw_context *ctx);Error   : illegal function definitionprivate.h line 310   const struct redraw_context *ctx);Error   : illegal function definitionprivate.h line 314   dom_hubbub_error html_process_script(void *ctx, dom_node *node);Error   : illegal function definitionprivate.h line 318   struct form *html_forms_get_forms(const char *docenc, dom_html_document *doc);Error   : illegal function definitionprivate.h line 320   dom_node *node);Error   : illegal function definitionprivate.h line 329   nserror html_css_fetcher_register(void);Error   : illegal function definitionprivate.h line 331   uint32_t *key);Error   : illegal function definitionprivate.h line 340   bool bubbles, bool cancelable);Error   : illegal function definitionprivate.h line 346   bool bubbles, bool cancelable, uint32_t key);Error   : identifier expectedprivate.h line 349   struct dom_string;Error   : illegal function definitionprivate.h line 351   extern struct dom_string *html_dom_string_map;Error   : illegal function definitionprivate.h line 352   extern struct dom_string *html_dom_string_id;Error   : illegal function definitionprivate.h line 353   extern struct dom_string *html_dom_string_name;Error   : illegal function definitionprivate.h line 354   extern struct dom_string *html_dom_string_area;Error   : illegal function definitionprivate.h line 355   extern struct dom_string *html_dom_string_a;Error   : illegal function definitionprivate.h line 356   extern struct dom_string *html_dom_string_nohref;Error   : illegal function definitionprivate.h line 357   extern struct dom_string *html_dom_string_href;Error   : illegal function definitionprivate.h line 358   extern struct dom_string *html_dom_string_target;Error   : illegal function definitionprivate.h line 359   extern struct dom_string *html_dom_string_shape;Error   : illegal function definitionprivate.h line 360   extern struct dom_string *html_dom_string_default;Error   : illegal function definitionprivate.h line 361   extern struct dom_string *html_dom_string_rect;Error   : illegal function definitionprivate.h line 362   extern struct dom_string *html_dom_string_rectangle;Error   : illegal function definitionprivate.h line 363   extern struct dom_string *html_dom_string_coords;Error   : illegal function definitionprivate.h line 364   extern struct dom_string *html_dom_string_circle;Error   : illegal function definitionprivate.h line 365   extern struct dom_string *html_dom_string_poly;Error   : illegal function definitionprivate.h line 366   extern struct dom_string *html_dom_string_polygon;Error   : illegal function definitionprivate.h line 367   extern struct dom_string *html_dom_string_text_javascript;Error   : illegal function definitionprivate.h line 368   extern struct dom_string *html_dom_string_type;Error   : illegal function definitionprivate.h line 369   extern struct dom_string *html_dom_string_src;Error   : identifier expectedbox.h line 36   struct content;Error   : identifier expectedbox.h line 37   struct box;Error   : identifier expectedbox.h line 38   struct browser_window;Error   : identifier expectedbox.h line 39   struct html_content;Error   : identifier expectedbox.h line 40   struct nsurl;Error   : identifier expectedbox.h line 41   struct dom_node;Error   : identifier expectedbox.h line 42   struct dom_string;Error   : identifier expectedbox.h line 43   struct rect;Error   : illegal function definitionbox.h line 49   typedef void (*box_construct_complete_cb)(struct html_content *c, bool success);Error   : illegal function definitionbox.h line 72   } box_type;Error   : illegal function definitionbox.h line 92   } box_flags;Error   : identifier expectedbox.h line 98   enum box_side { TOP, RIGHT, BOTTOM, LEFT };Error   : identifier expectedbox.h line 108   };Error   : identifier expectedbox.h line 146   };Error   : identifier expectedbox.h line 158   };Error   : identifier expectedbox.h line 171   };Error   : declaration syntax errorbox.h line 181   box_type type;Error   : illegal function definitionbox.h line 186   box_flags flags;Error   : illegal function definitionbox.h line 191   struct dom_node *node;Error   : illegal function definitionbox.h line 197   css_select_results *styles;Error   : illegal function definitionbox.h line 205   css_computed_style *style;Error   : illegal function definitionbox.h line 210   lwc_string *id;Error   : illegal function definitionbox.h line 216   struct box *next;Error   : illegal function definitionbox.h line 221   struct box *prev;Error   : illegal function definitionbox.h line 226   struct box *children;Error   : illegal function definitionbox.h line 231   struct box *last;Error   : illegal function definitionbox.h line 236   struct box *parent;Error   : illegal function definitionbox.h line 242   struct box *inline_end;Error   : illegal function definitionbox.h line 251   struct box *float_children;Error   : illegal function definitionbox.h line 256   struct box *next_float;Error   : illegal function definitionbox.h line 261   struct box *float_container;Error   : illegal function definitionbox.h line 267   int clear_level;Error   : illegal function definitionbox.h line 272   int cached_place_below_level;Error   : illegal function definitionbox.h line 280   int x;Error   : illegal function definitionbox.h line 284   int y;Error   : illegal function definitionbox.h line 289   int width;Error   : illegal function definitionbox.h line 293   int height;Error   : illegal function definitionbox.h line 309   int descendant_x0;  /**< left edge of descendants */Error   : illegal function definitionbox.h line 310   int descendant_y0;  /**< top edge of descendants */Error   : illegal function definitionbox.h line 311   int descendant_x1;  /**< right edge of descendants */Error   : illegal function definitionbox.h line 312   int descendant_y1;  /**< bottom edge of descendants */Error   : illegal function definitionbox.h line 317   int margin[4];Error   : illegal function definitionbox.h line 322   int padding[4];Error   : illegal function definitionbox.h line 327   struct box_border border[4];Error   : illegal function definitionbox.h line 332   struct scrollbar *scroll_x;Error   : illegal function definitionbox.h line 337   struct scrollbar *scroll_y;Error   : illegal function definitionbox.h line 343   int min_width;Error   : illegal function definitionbox.h line 349   int max_width;Error   : illegal function definitionbox.h line 355   char *text;Error   : illegal function definitionbox.h line 360   size_t length;Error   : illegal function definitionbox.h line 365   int space;Error   : illegal function definitionbox.h line 370   size_t byte_offset;Error   : illegal function definitionbox.h line 376   struct nsurl *href;Error   : illegal function definitionbox.h line 381   const char *target;Error   : illegal function definitionbox.h line 386   const char *title;Error   : illegal function definitionbox.h line 392   unsigned int columns;Error   : illegal function definitionbox.h line 397   unsigned int rows;Error   : the file '../../../../bindings/hubbub/parser.h' cannot be opened(included from: private.h:27 box_manipulate.c:36)parser.h line 17   #include "../../../../bindings/hubbub/parser.h"Error   : declaration syntax errorprivate.h line 96   dom_hubbub_parser *parser; /**< Parser object handle */Error   : declaration syntax errorprivate.h line 101   dom_document *document;Error   : declaration syntax errorprivate.h line 103   dom_document_quirks_mode quirks;Error   : declaration syntax errorprivate.h line 108   dom_hubbub_encoding_source encoding_source;Error   : declaration syntax errorprivate.h line 131   dom_node *title;Error   : declaration syntax errorprivate.h line 213   } html_content;Error   : ')' expectedprivate.h line 229   void html__redraw_a_box(html_content *htmlc, struct box *box);Error   : ')' expectedprivate.h line 237   void html_finish_conversion(html_content *htmlc);Error   : ')' expectedprivate.h line 246   bool html_can_begin_conversion(html_content *htmlc);Error   : ')' expectedprivate.h line 254   bool html_begin_conversion(html_content *htmlc);Error   : illegal function definitionprivate.h line 260   bool html_exec(struct content *c, const char *src, size_t srclen);Error   : ')' expectedprivate.h line 273   nserror html_script_exec(html_content *htmlc, bool allow_defer);Error   : ')' expectedprivate.h line 282   nserror html_script_free(html_content *htmlc);Error   : ')' expectedprivate.h line 288   bool html_saw_insecure_scripts(html_content *htmlc);Error   : ')' expectedprivate.h line 294   nserror html_proceed_to_done(html_content *html);Error   : illegal function definitionprivate.h line 299   const struct rect *clip, const struct redraw_context *ctx);Error   : illegal function definitionprivate.h line 305   const struct redraw_context *ctx);Error   : illegal function definitionprivate.h line 310   const struct redraw_context *ctx);Error   : illegal function definitionprivate.h line 314   dom_hubbub_error html_process_script(void *ctx, dom_node *node);Error   : illegal function definitionprivate.h line 318   struct form *html_forms_get_forms(const char *docenc, dom_html_document *doc);Error   : illegal function definitionprivate.h line 320   dom_node *node);Error   : illegal function definitionprivate.h line 329   nserror html_css_fetcher_register(void);Error   : ')' expectedprivate.h line 330   nserror html_css_fetcher_add_item(dom_string *data, struct nsurl *base_url,Error   : illegal use of incomplete struct/union/class 'struct nsurl'private.h line 331   uint32_t *key);Error   : ')' expectedprivate.h line 339   bool fire_generic_dom_event(dom_string *type, dom_node *target,Error   : identifier expectedprivate.h line 340    unsigned charError   : ')' expectedprivate.h line 345   bool fire_dom_keyboard_event(dom_string *type, dom_node *target,Error   : identifier expectedprivate.h line 346    unsigned charError   : identifier expectedprivate.h line 349   struct dom_string;Error   : illegal function definitionprivate.h line 351   extern struct dom_string *html_dom_string_map;Error   : illegal function definitionprivate.h line 352   extern struct dom_string *html_dom_string_id;Error   : illegal function definitionprivate.h line 353   extern struct dom_string *html_dom_string_name;Error   : illegal function definitionprivate.h line 354   extern struct dom_string *html_dom_string_area;Error   : illegal function definitionprivate.h line 355   extern struct dom_string *html_dom_string_a;Error   : illegal function definitionprivate.h line 356   extern struct dom_string *html_dom_string_nohref;Error   : illegal function definitionprivate.h line 357   extern struct dom_string *html_dom_string_href;Error   : illegal function definitionprivate.h line 358   extern struct dom_string *html_dom_string_target;Error   : illegal function definitionprivate.h line 359   extern struct dom_string *html_dom_string_shape;Error   : illegal function definitionprivate.h line 360   extern struct dom_string *html_dom_string_default;Error   : illegal function definitionprivate.h line 361   extern struct dom_string *html_dom_string_rect;Error   : illegal function definitionprivate.h line 362   extern struct dom_string *html_dom_string_rectangle;Error   : illegal function definitionprivate.h line 363   extern struct dom_string *html_dom_string_coords;Error   : illegal function definitionprivate.h line 364   extern struct dom_string *html_dom_string_circle;Error   : illegal function definitionprivate.h line 365   extern struct dom_string *html_dom_string_poly;Error   : illegal function definitionprivate.h line 366   extern struct dom_string *html_dom_string_polygon;Error   : illegal function definitionprivate.h line 367   extern struct dom_string *html_dom_string_text_javascript;Error   : illegal function definitionprivate.h line 368   extern struct dom_string *html_dom_string_type;Error   : illegal function definitionprivate.h line 369   extern struct dom_string *html_dom_string_src;Error   : identifier expected(included from: form_internal.h:29 box_manipulate.c:37)form.h line 29   struct form_control;Error   : identifier expected(included from: form_internal.h:29 box_manipulate.c:37)form.h line 30   struct rect;Error   : identifier expected(included from: form_internal.h:29 box_manipulate.c:37)form.h line 40   };Error   : illegal function definition(included from: form_internal.h:29 box_manipulate.c:37)form.h line 48   nserror form_select_process_selection(struct form_control *control, int item);Error   : illegal function definition(included from: form_internal.h:29 box_manipulate.c:37)form.h line 57   uct form_option *form_select_get_option(struct form_control *control, int item);Error   : illegal function definition(included from: form_internal.h:29 box_manipulate.c:37)form.h line 65   char *form_control_get_name(struct form_control *control);Error   : illegal function definition(included from: form_internal.h:29 box_manipulate.c:37)form.h line 75   serror form_control_bounding_rect(struct form_control *control, struct rect *r);Error   : identifier expectedform_internal.h line 31   struct box;Error   : identifier expectedform_internal.h line 32   struct form_control;Error   : identifier expectedform_internal.h line 33   struct form_option;Error   : identifier expectedform_internal.h line 34   struct form_select_menu;Error   : identifier expectedform_internal.h line 35   struct form;Error   : identifier expectedform_internal.h line 36   struct html_content;Error   : identifier expectedform_internal.h line 37   struct dom_string;Error   : identifier expectedform_internal.h line 38   struct content;Error   : identifier expectedform_internal.h line 39   struct nsurl;Error   : identifier expectedform_internal.h line 40   struct fetch_multipart_data;Error   : identifier expectedform_internal.h line 41   struct redraw_context;Error   : identifier expectedform_internal.h line 42   struct browser_window;Error   : illegal function definitionform_internal.h line 62   } form_control_type;Error   : identifier expectedform_internal.h line 67   };Error   : identifier expectedform_internal.h line 72   };Error   : declaration syntax errorform_internal.h line 81   form_control_type type;  /**< Type of control */Error   : illegal function definitionform_internal.h line 83   struct form *form;  /**< Containing form */Error   : illegal function definitionform_internal.h line 85   char *name;   /**< Control name */Error   : illegal function definitionform_internal.h line 86   char *value;   /**< Current value of control */Error   : illegal function definitionform_internal.h line 87   char *initial_value;  /**< Initial value of control */Error   : illegal function definitionform_internal.h line 88   char *last_synced_value;        /**< The last value sync'd to the DOM */Error   : illegal function definitionform_internal.h line 89   bool disabled;   /**< Whether control is disabled */Error   : illegal function definitionform_internal.h line 91   struct box *box;  /**< Box for control */Error   : illegal function definitionform_internal.h line 93   unsigned int length;  /**< Number of characters in control */Error   : illegal function definitionform_internal.h line 94   unsigned int maxlength;  /**< Maximum characters permitted */Error   : illegal function definitionform_internal.h line 96   bool selected;   /**< Whether control is selected */Error   : illegal function definitionform_internal.h line 116   } data;Error   : illegal function definitionform_internal.h line 118   struct form_control *prev;      /**< Previous control in this form */Error   : illegal function definitionform_internal.h line 119   struct form_control *next; /**< Next control in this form. */Error   : identifier expectedform_internal.h line 120   };Error   : illegal function definitionform_internal.h line 127   } form_method;Error   : declaration syntax errorform_internal.h line 135   form_method method;  /**< Method and enctype. */Error   : illegal function definitionform_internal.h line 136   char *accept_charsets;  /**< Charset to submit form in */Error   : illegal function definitionform_internal.h line 137   char *document_charset;  /**< Charset of document containing form */Error   : illegal function definitionform_internal.h line 138   struct form_control *controls; /**< Linked list of controls. */Error   : illegal function definitionform_internal.h line 139   struct form_control *last_control; /**< Last control in list. */Error   : illegal function definitionform_internal.h line 141   struct form *prev;  /**< Previous form in doc. */Error   : identifier expectedform_internal.h line 142   };Error   : illegal function definitionform_internal.h line 154   typedef void(*select_menu_redraw_callback)(void *client_data,Error   : illegal function definitionform_internal.h line 155   int x, int y, int width, int height);Error   : illegal function definitionform_internal.h line 169   form_method method, const char *charset,Error   : identifier expectedform_internal.h line 170   const char *doc_charset);Error   : illegal function definitionform_internal.h line 183   void form_free(struct form *form);Error   : illegal function definitionform_internal.h line 193   struct form_control *form_new_control(void *node, form_control_type type);Error   : the file '../../../../bindings/hubbub/parser.h' cannot be opened(included from: private.h:27 box_normalise.c:35)parser.h line 17   #include "../../../../bindings/hubbub/parser.h"Error   : declaration syntax errorprivate.h line 96   dom_hubbub_parser *parser; /**< Parser object handle */Error   : declaration syntax errorprivate.h line 108   dom_hubbub_encoding_source encoding_source;Error   : declaration syntax errorprivate.h line 213   } html_content;Error   : ')' expectedprivate.h line 229   void html__redraw_a_box(html_content *htmlc, struct box *box);Error   : ')' expectedprivate.h line 237   void html_finish_conversion(html_content *htmlc);Error   : ')' expectedprivate.h line 246   bool html_can_begin_conversion(html_content *htmlc);Error   : ')' expectedprivate.h line 254   bool html_begin_conversion(html_content *htmlc);Error   : illegal function definitionprivate.h line 260   bool html_exec(struct content *c, const char *src, size_t srclen);Error   : ')' expectedprivate.h line 273   nserror html_script_exec(html_content *htmlc, bool allow_defer);Error   : ')' expectedprivate.h line 282   nserror html_script_free(html_content *htmlc);Error   : ')' expectedprivate.h line 288   bool html_saw_insecure_scripts(html_content *htmlc);Error   : ')' expectedprivate.h line 294   nserror html_proceed_to_done(html_content *html);Error   : illegal function definitionprivate.h line 299   const struct rect *clip, const struct redraw_context *ctx);Error   : illegal function definitionprivate.h line 305   const struct redraw_context *ctx);Error   : illegal function definitionprivate.h line 310   const struct redraw_context *ctx);Error   : illegal function definitionprivate.h line 314   dom_hubbub_error html_process_script(void *ctx, dom_node *node);Error   : illegal function definitionprivate.h line 318   struct form *html_forms_get_forms(const char *docenc, dom_html_document *doc);Error   : illegal function definitionprivate.h line 320   dom_node *node);Error   : illegal function definitionprivate.h line 329   nserror html_css_fetcher_register(void);Error   : illegal function definitionprivate.h line 331   uint32_t *key);Error   : illegal function definitionprivate.h line 340   bool bubbles, bool cancelable);Error   : illegal function definitionprivate.h line 346   bool bubbles, bool cancelable, uint32_t key);Error   : identifier expectedprivate.h line 349   struct dom_string;Error   : illegal function definitionprivate.h line 351   extern struct dom_string *html_dom_string_map;Error   : illegal function definitionprivate.h line 352   extern struct dom_string *html_dom_string_id;Error   : illegal function definitionprivate.h line 353   extern struct dom_string *html_dom_string_name;Error   : illegal function definitionprivate.h line 354   extern struct dom_string *html_dom_string_area;Error   : illegal function definitionprivate.h line 355   extern struct dom_string *html_dom_string_a;Error   : illegal function definitionprivate.h line 356   extern struct dom_string *html_dom_string_nohref;Error   : illegal function definitionprivate.h line 357   extern struct dom_string *html_dom_string_href;Error   : illegal function definitionprivate.h line 358   extern struct dom_string *html_dom_string_target;Error   : illegal function definitionprivate.h line 359   extern struct dom_string *html_dom_string_shape;Error   : illegal function definitionprivate.h line 360   extern struct dom_string *html_dom_string_default;Error   : illegal function definitionprivate.h line 361   extern struct dom_string *html_dom_string_rect;Error   : illegal function definitionprivate.h line 362   extern struct dom_string *html_dom_string_rectangle;Error   : illegal function definitionprivate.h line 363   extern struct dom_string *html_dom_string_coords;Error   : illegal function definitionprivate.h line 364   extern struct dom_string *html_dom_string_circle;Error   : illegal function definitionprivate.h line 365   extern struct dom_string *html_dom_string_poly;Error   : illegal function definitionprivate.h line 366   extern struct dom_string *html_dom_string_polygon;Error   : illegal function definitionprivate.h line 367   extern struct dom_string *html_dom_string_text_javascript;Error   : illegal function definitionprivate.h line 368   extern struct dom_string *html_dom_string_type;Error   : illegal function definitionprivate.h line 369   extern struct dom_string *html_dom_string_src;Error   : identifier expectedtable.h line 30   struct box;Error   : illegal function definitiontable.h line 43   ble_calculate_column_types(const css_unit_ctx *unit_len_ctx, struct box *table);Error   : illegal function definitiontable.h line 54   table_used_border_for_cell(const css_unit_ctx *unit_len_ctx, struct box *cell);Error   : identifier expectedbox.h line 36   struct content;Error   : identifier expectedbox.h line 37   struct box;Error   : identifier expectedbox.h line 38   struct browser_window;Error   : identifier expectedbox.h line 39   struct html_content;Error   : identifier expectedbox.h line 40   struct nsurl;Error   : identifier expectedbox.h line 41   struct dom_node;Error   : identifier expectedbox.h line 42   struct dom_string;Error   : identifier expectedbox.h line 43   struct rect;Error   : illegal function definitionbox.h line 49   typedef void (*box_construct_complete_cb)(struct html_content *c, bool success);Error   : illegal function definitionbox.h line 72   } box_type;Error   : illegal function definitionbox.h line 92   } box_flags;Error   : identifier expectedbox.h line 98   enum box_side { TOP, RIGHT, BOTTOM, LEFT };Error   : identifier expectedbox.h line 108   };Error   : identifier expectedbox.h line 146   };Error   : identifier expectedbox.h line 158   };Error   : identifier expectedbox.h line 171   };Error   : declaration syntax errorbox.h line 181   box_type type;Error   : illegal function definitionbox.h line 186   box_flags flags;Error   : illegal function definitionbox.h line 191   struct dom_node *node;Error   : illegal function definitionbox.h line 197   css_select_results *styles;Error   : illegal function definitionbox.h line 205   css_computed_style *style;Error   : illegal function definitionbox.h line 210   lwc_string *id;Error   : illegal function definitionbox.h line 216   struct box *next;Error   : illegal function definitionbox.h line 221   struct box *prev;Error   : illegal function definitionbox.h line 226   struct box *children;Error   : illegal function definitionbox.h line 231   struct box *last;Error   : illegal function definitionbox.h line 236   struct box *parent;Error   : illegal function definitionbox.h line 242   struct box *inline_end;Error   : illegal function definitionbox.h line 251   struct box *float_children;Error   : illegal function definitionbox.h line 256   struct box *next_float;Error   : illegal function definitionbox.h line 261   struct box *float_container;Error   : illegal function definitionbox.h line 267   int clear_level;Error   : illegal function definitionbox.h line 272   int cached_place_below_level;Error   : illegal function definitionbox.h line 280   int x;Error   : illegal function definitionbox.h line 284   int y;Error   : illegal function definitionbox.h line 289   int width;Error   : illegal function definitionbox.h line 293   int height;Error   : illegal function definitionbox.h line 309   int descendant_x0;  /**< left edge of descendants */Error   : illegal function definitionbox.h line 310   int descendant_y0;  /**< top edge of descendants */Error   : illegal function definitionbox.h line 311   int descendant_x1;  /**< right edge of descendants */Error   : illegal function definitionbox.h line 312   int descendant_y1;  /**< bottom edge of descendants */Error   : illegal function definitionbox.h line 317   int margin[4];Error   : illegal function definitionbox.h line 322   int padding[4];Error   : illegal function definitionbox.h line 327   struct box_border border[4];Error   : illegal function definitionbox.h line 332   struct scrollbar *scroll_x;Error   : illegal function definitionbox.h line 337   struct scrollbar *scroll_y;Error   : illegal function definitionbox.h line 343   int min_width;Error   : illegal function definitionbox.h line 349   int max_width;Error   : illegal function definitionbox.h line 355   char *text;Error   : illegal function definitionbox.h line 360   size_t length;Error   : illegal function definitionbox.h line 365   int space;Error   : illegal function definitionbox.h line 370   size_t byte_offset;Error   : illegal function definitionbox.h line 376   struct nsurl *href;Error   : illegal function definitionbox.h line 381   const char *target;Error   : expression syntax error(included from: propset.h:15 box_sizing.c:10)autogenerated_propset.h line 2290   uint32_t *bits = &style->i.bits[WIDTH_INDEX];Error   : undefined identifier 'bits'(included from: propset.h:15 box_sizing.c:10)autogenerated_propset.h line 2293   *bits = (*bits & ~WIDTH_MASK) | ((((uint32_t)type & 0x3) | (unit << 2))Error   : not an lvalue(included from: propset.h:15 box_sizing.c:10)autogenerated_propset.h line 2294   << WIDTH_SHIFT);Error   : the file '../../../../bindings/hubbub/parser.h' cannot be opened(included from: private.h:27 box_special.c:47)parser.h line 17   #include "../../../../bindings/hubbub/parser.h"Error   : declaration syntax errorprivate.h line 96   dom_hubbub_parser *parser; /**< Parser object handle */Error   : declaration syntax errorprivate.h line 108   dom_hubbub_encoding_source encoding_source;Error   : declaration syntax errorprivate.h line 213   } html_content;Error   : ')' expectedprivate.h line 229   void html__redraw_a_box(html_content *htmlc, struct box *box);Error   : ')' expectedprivate.h line 237   void html_finish_conversion(html_content *htmlc);Error   : ')' expectedprivate.h line 246   bool html_can_begin_conversion(html_content *htmlc);Error   : ')' expectedprivate.h line 254   bool html_begin_conversion(html_content *htmlc);Error   : illegal function definitionprivate.h line 260   bool html_exec(struct content *c, const char *src, size_t srclen);Error   : ')' expectedprivate.h line 273   nserror html_script_exec(html_content *htmlc, bool allow_defer);Error   : ')' expectedprivate.h line 282   nserror html_script_free(html_content *htmlc);Error   : ')' expectedprivate.h line 288   bool html_saw_insecure_scripts(html_content *htmlc);Error   : ')' expectedprivate.h line 294   nserror html_proceed_to_done(html_content *html);Error   : illegal function definitionprivate.h line 299   const struct rect *clip, const struct redraw_context *ctx);Error   : illegal function definitionprivate.h line 305   const struct redraw_context *ctx);Error   : illegal function definitionprivate.h line 310   const struct redraw_context *ctx);Error   : illegal function definitionprivate.h line 314   dom_hubbub_error html_process_script(void *ctx, dom_node *node);Error   : illegal function definitionprivate.h line 318   struct form *html_forms_get_forms(const char *docenc, dom_html_document *doc);Error   : illegal function definitionprivate.h line 320   dom_node *node);Error   : illegal function definitionprivate.h line 329   nserror html_css_fetcher_register(void);Error   : illegal function definitionprivate.h line 331   uint32_t *key);Error   : illegal function definitionprivate.h line 340   bool bubbles, bool cancelable);Error   : illegal function definitionprivate.h line 346   bool bubbles, bool cancelable, uint32_t key);Error   : identifier expectedprivate.h line 349   struct dom_string;Error   : illegal function definitionprivate.h line 351   extern struct dom_string *html_dom_string_map;Error   : illegal function definitionprivate.h line 352   extern struct dom_string *html_dom_string_id;Error   : illegal function definitionprivate.h line 353   extern struct dom_string *html_dom_string_name;Error   : illegal function definitionprivate.h line 354   extern struct dom_string *html_dom_string_area;Error   : illegal function definitionprivate.h line 355   extern struct dom_string *html_dom_string_a;Error   : illegal function definitionprivate.h line 356   extern struct dom_string *html_dom_string_nohref;Error   : illegal function definitionprivate.h line 357   extern struct dom_string *html_dom_string_href;Error   : illegal function definitionprivate.h line 358   extern struct dom_string *html_dom_string_target;Error   : illegal function definitionprivate.h line 359   extern struct dom_string *html_dom_string_shape;Error   : illegal function definitionprivate.h line 360   extern struct dom_string *html_dom_string_default;Error   : illegal function definitionprivate.h line 361   extern struct dom_string *html_dom_string_rect;Error   : illegal function definitionprivate.h line 362   extern struct dom_string *html_dom_string_rectangle;Error   : illegal function definitionprivate.h line 363   extern struct dom_string *html_dom_string_coords;Error   : illegal function definitionprivate.h line 364   extern struct dom_string *html_dom_string_circle;Error   : illegal function definitionprivate.h line 365   extern struct dom_string *html_dom_string_poly;Error   : illegal function definitionprivate.h line 366   extern struct dom_string *html_dom_string_polygon;Error   : illegal function definitionprivate.h line 367   extern struct dom_string *html_dom_string_text_javascript;Error   : illegal function definitionprivate.h line 368   extern struct dom_string *html_dom_string_type;Error   : illegal function definitionprivate.h line 369   extern struct dom_string *html_dom_string_src;Error   : identifier expectedobject.h line 27   struct html_content;Error   : identifier expectedobject.h line 28   struct browser_window;Error   : identifier expectedobject.h line 29   struct box;Error   : identifier expectedobject.h line 30   struct nsurl;Error   : illegal function definitionobject.h line 46   uct nsurl *url, struct box *box, content_type permitted_types, bool background);Error   : illegal function definitionobject.h line 57   nserror html_object_free_objects(struct html_content *html);Error   : illegal function definitionobject.h line 65   nserror html_object_close_objects(struct html_content *html);Error   : illegal function definitionobject.h line 75   html_object_open_objects(struct html_content *html, struct browser_window *bw);Error   : illegal function definitionobject.h line 84   nserror html_object_abort_objects(struct html_content *html);Error   : identifier expectedbox.h line 36   struct content;Error   : identifier expectedbox.h line 37   struct box;Error   : identifier expectedbox.h line 38   struct browser_window;Error   : identifier expectedbox.h line 39   struct html_content;Error   : identifier expectedbox.h line 40   struct nsurl;Error   : identifier expectedbox.h line 41   struct dom_node;Error   : identifier expectedbox.h line 42   struct dom_string;Error   : identifier expectedbox.h line 43   struct rect;Error   : illegal function definitionbox.h line 49   typedef void (*box_construct_complete_cb)(struct html_content *c, bool success);Error   : illegal function definitionbox.h line 72   } box_type;Error   : illegal function definitionbox.h line 92   } box_flags;Error   : identifier expectedbox.h line 98   enum box_side { TOP, RIGHT, BOTTOM, LEFT };Error   : identifier expectedbox.h line 108   };Error   : identifier expectedbox.h line 146   };Error   : identifier expectedbox.h line 158   };Error   : identifier expectedbox.h line 171   };Error   : declaration syntax errorbox.h line 181   box_type type;Error   : illegal function definitionbox.h line 186   box_flags flags;Error   : illegal function definitionbox.h line 191   struct dom_node *node;Error   : illegal function definitionbox.h line 197   css_select_results *styles;Error   : illegal function definitionbox.h line 205   css_computed_style *style;Error   : illegal function definitionbox.h line 210   lwc_string *id;Error   : illegal function definitionbox.h line 216   struct box *next;Error   : illegal function definitionbox.h line 221   struct box *prev;Error   : illegal function definitionbox.h line 226   struct box *children;Error   : illegal function definitionbox.h line 231   struct box *last;Error   : illegal function definitionbox.h line 236   struct box *parent;Error   : illegal function definitionbox.h line 242   struct box *inline_end;Error   : illegal function definitionbox.h line 251   struct box *float_children;Error   : illegal function definitionbox.h line 256   struct box *next_float;Error   : illegal function definitionbox.h line 261   struct box *float_container;Error   : illegal function definitionbox.h line 267   int clear_level;Error   : illegal function definitionbox.h line 272   int cached_place_below_level;Error   : illegal function definitionbox.h line 280   int x;Error   : illegal function definitionbox.h line 284   int y;Error   : illegal function definitionbox.h line 289   int width;Error   : illegal function definitionbox.h line 293   int height;Error   : illegal function definitionbox.h line 309   int descendant_x0;  /**< left edge of descendants */Error   : illegal function definitionbox.h line 310   int descendant_y0;  /**< top edge of descendants */Error   : illegal function definitionbox.h line 311   int descendant_x1;  /**< right edge of descendants */Error   : illegal function definitionbox.h line 312   int descendant_y1;  /**< bottom edge of descendants */Error   : illegal function definitionbox.h line 317   int margin[4];Error   : illegal function definitionbox.h line 322   int padding[4];Error   : illegal function definitionbox.h line 327   struct box_border border[4];Error   : illegal function definitionbox.h line 332   struct scrollbar *scroll_x;Error   : illegal function definitionbox.h line 337   struct scrollbar *scroll_y;Error   : illegal function definitionbox.h line 343   int min_width;Error   : illegal function definitionbox.h line 349   int max_width;Error   : the file '../../../../bindings/hubbub/parser.h' cannot be opened(included from: private.h:27 box_textarea.c:34)parser.h line 17   #include "../../../../bindings/hubbub/parser.h"Error   : declaration syntax errorprivate.h line 96   dom_hubbub_parser *parser; /**< Parser object handle */Error   : declaration syntax errorprivate.h line 108   dom_hubbub_encoding_source encoding_source;Error   : declaration syntax errorprivate.h line 213   } html_content;Error   : ')' expectedprivate.h line 229   void html__redraw_a_box(html_content *htmlc, struct box *box);Error   : ')' expectedprivate.h line 237   void html_finish_conversion(html_content *htmlc);Error   : ')' expectedprivate.h line 246   bool html_can_begin_conversion(html_content *htmlc);Error   : ')' expectedprivate.h line 254   bool html_begin_conversion(html_content *htmlc);Error   : illegal function definitionprivate.h line 260   bool html_exec(struct content *c, const char *src, size_t srclen);Error   : ')' expectedprivate.h line 273   nserror html_script_exec(html_content *htmlc, bool allow_defer);Error   : ')' expectedprivate.h line 282   nserror html_script_free(html_content *htmlc);Error   : ')' expectedprivate.h line 288   bool html_saw_insecure_scripts(html_content *htmlc);Error   : ')' expectedprivate.h line 294   nserror html_proceed_to_done(html_content *html);Error   : illegal function definitionprivate.h line 299   const struct rect *clip, const struct redraw_context *ctx);Error   : illegal function definitionprivate.h line 305   const struct redraw_context *ctx);Error   : illegal function definitionprivate.h line 310   const struct redraw_context *ctx);Error   : illegal function definitionprivate.h line 314   dom_hubbub_error html_process_script(void *ctx, dom_node *node);Error   : illegal function definitionprivate.h line 318   struct form *html_forms_get_forms(const char *docenc, dom_html_document *doc);Error   : illegal function definitionprivate.h line 320   dom_node *node);Error   : illegal function definitionprivate.h line 329   nserror html_css_fetcher_register(void);Error   : illegal function definitionprivate.h line 331   uint32_t *key);Error   : illegal function definitionprivate.h line 340   bool bubbles, bool cancelable);Error   : illegal function definitionprivate.h line 346   bool bubbles, bool cancelable, uint32_t key);Error   : identifier expectedprivate.h line 349   struct dom_string;Error   : illegal function definitionprivate.h line 351   extern struct dom_string *html_dom_string_map;Error   : illegal function definitionprivate.h line 352   extern struct dom_string *html_dom_string_id;Error   : illegal function definitionprivate.h line 353   extern struct dom_string *html_dom_string_name;Error   : illegal function definitionprivate.h line 354   extern struct dom_string *html_dom_string_area;Error   : illegal function definitionprivate.h line 355   extern struct dom_string *html_dom_string_a;Error   : illegal function definitionprivate.h line 356   extern struct dom_string *html_dom_string_nohref;Error   : illegal function definitionprivate.h line 357   extern struct dom_string *html_dom_string_href;Error   : illegal function definitionprivate.h line 358   extern struct dom_string *html_dom_string_target;Error   : illegal function definitionprivate.h line 359   extern struct dom_string *html_dom_string_shape;Error   : illegal function definitionprivate.h line 360   extern struct dom_string *html_dom_string_default;Error   : illegal function definitionprivate.h line 361   extern struct dom_string *html_dom_string_rect;Error   : illegal function definitionprivate.h line 362   extern struct dom_string *html_dom_string_rectangle;Error   : illegal function definitionprivate.h line 363   extern struct dom_string *html_dom_string_coords;Error   : illegal function definitionprivate.h line 364   extern struct dom_string *html_dom_string_circle;Error   : illegal function definitionprivate.h line 365   extern struct dom_string *html_dom_string_poly;Error   : illegal function definitionprivate.h line 366   extern struct dom_string *html_dom_string_polygon;Error   : illegal function definitionprivate.h line 367   extern struct dom_string *html_dom_string_text_javascript;Error   : illegal function definitionprivate.h line 368   extern struct dom_string *html_dom_string_type;Error   : illegal function definitionprivate.h line 369   extern struct dom_string *html_dom_string_src;Error   : identifier expected(included from: interaction.h:27 box_textarea.c:35)search.h line 27   struct browser_window;Error   : illegal function definition(included from: interaction.h:27 box_textarea.c:35)search.h line 35   } search_flags_t;Error   : illegal function definition(included from: interaction.h:27 box_textarea.c:35)search.h line 45   void browser_window_search(struct browser_window *bw, void *context, search_flags_t flags, const char *string);Error   : illegal function definition(included from: interaction.h:27 box_textarea.c:35)search.h line 55   void browser_window_search_clear(struct browser_window *bw);Error   : identifier expectedinteraction.h line 35   };Error   : illegal function definitioninteraction.h line 47   browser_mouse_state mouse, int x, int y);Error   : illegal function definitioninteraction.h line 67   browser_mouse_state mouse, int x, int y);Error   : illegal function definitioninteraction.h line 70   bool html_keypress(struct content *c, uint32_t key);Error   : illegal function definitioninteraction.h line 74   struct scrollbar_msg_data *scrollbar_data);Error   : illegal function definitioninteraction.h line 78   search_flags_t flags, const char *string);Error   : illegal function definitioninteraction.h line 81   void html_search_clear(struct content *c);Error   : ')' expectedinteraction.h line 92   void html_set_drag_type(html_content *html, html_drag_type drag_type,Error   : identifier expectedinteraction.h line 93   union html_drag_owner drag_owner, const struct rect *rect);Error   : ')' expectedinteraction.h line 104   void html_set_selection(html_content *html, html_selection_type selection_type,Error   : identifier expectedinteraction.h line 105   union html_selection_owner selection_owner, bool read_only);Error   : ')' expectedinteraction.h line 120   void html_set_focus(html_content *html, html_focus_type focus_type,Error   : identifier expectedinteraction.h line 121   union html_focus_owner focus_owner, bool hide_caret,Error   : identifier expectedinteraction.h line 122   int x, int y, int height, const struct rect *clip);Error   : identifier expectedbox.h line 36   struct content;Error   : identifier expectedbox.h line 37   struct box;Error   : identifier expectedbox.h line 38   struct browser_window;Error   : identifier expectedbox.h line 39   struct html_content;Error   : identifier expectedbox.h line 40   struct nsurl;Error   : identifier expectedbox.h line 41   struct dom_node;Error   : identifier expectedbox.h line 42   struct dom_string;Error   : identifier expectedbox.h line 43   struct rect;Error   : illegal function definitionbox.h line 49   typedef void (*box_construct_complete_cb)(struct html_content *c, bool success);Error   : illegal function definitionbox.h line 72   } box_type;Error   : illegal function definitionbox.h line 92   } box_flags;Error   : identifier expectedbox.h line 98   enum box_side { TOP, RIGHT, BOTTOM, LEFT };Error   : identifier expectedbox.h line 108   };Error   : identifier expectedbox.h line 146   };Error   : identifier expectedbox.h line 158   };Error   : identifier expectedbox.h line 171   };Error   : declaration syntax errorbox.h line 181   box_type type;Error   : illegal function definitionbox.h line 186   box_flags flags;Error   : illegal function definitionbox.h line 191   struct dom_node *node;Error   : illegal function definitionbox.h line 197   css_select_results *styles;Error   : illegal function definitionbox.h line 205   css_computed_style *style;Error   : illegal function definitionbox.h line 210   lwc_string *id;Error   : illegal function definitionbox.h line 216   struct box *next;Error   : illegal function definitionbox.h line 221   struct box *prev;Error   : illegal function definitionbox.h line 226   struct box *children;Error   : illegal function definitionbox.h line 231   struct box *last;Error   : illegal function definitionbox.h line 236   struct box *parent;Error   : illegal function definitionbox.h line 242   struct box *inline_end;Error   : illegal function definitionbox.h line 251   struct box *float_children;Error   : illegal function definitionbox.h line 256   struct box *next_float;Error   : illegal function definitionbox.h line 261   struct box *float_container;Error   : illegal function definitionbox.h line 267   int clear_level;Error   : illegal function definitionbox.h line 272   int cached_place_below_level;Error   : illegal function definitionbox.h line 280   int x;Error   : illegal function definitionbox.h line 284   int y;Error   : illegal function definitionbox.h line 289   int width;Error   : illegal function definitionbox.h line 293   int height;Error   : illegal function definitionbox.h line 309   int descendant_x0;  /**< left edge of descendants */Error   : illegal function definitionbox.h line 310   int descendant_y0;  /**< top edge of descendants */Error   : expression syntax error(included from: propset.h:15 break_after.c:10)autogenerated_propset.h line 2290   uint32_t *bits = &style->i.bits[WIDTH_INDEX];Error   : undefined identifier 'bits'(included from: propset.h:15 break_after.c:10)autogenerated_propset.h line 2293   *bits = (*bits & ~WIDTH_MASK) | ((((uint32_t)type & 0x3) | (unit << 2))Error   : not an lvalue(included from: propset.h:15 break_after.c:10)autogenerated_propset.h line 2294   << WIDTH_SHIFT);Error   : expression syntax error(included from: propset.h:15 break_before.c:10)autogenerated_propset.h line 2290   uint32_t *bits = &style->i.bits[WIDTH_INDEX];Error   : undefined identifier 'bits'(included from: propset.h:15 break_before.c:10)autogenerated_propset.h line 2293   *bits = (*bits & ~WIDTH_MASK) | ((((uint32_t)type & 0x3) | (unit << 2))Error   : not an lvalue(included from: propset.h:15 break_before.c:10)autogenerated_propset.h line 2294   << WIDTH_SHIFT);Error   : expression syntax error(included from: propset.h:15 break_inside.c:10)autogenerated_propset.h line 2290   uint32_t *bits = &style->i.bits[WIDTH_INDEX];Error   : undefined identifier 'bits'(included from: propset.h:15 break_inside.c:10)autogenerated_propset.h line 2293   *bits = (*bits & ~WIDTH_MASK) | ((((uint32_t)type & 0x3) | (unit << 2))Error   : not an lvalue(included from: propset.h:15 break_inside.c:10)autogenerated_propset.h line 2294   << WIDTH_SHIFT);Error   : the file 'monkey/output.h' cannot be openedbrowser.c line 35   #include "monkey/output.h"Error   : the file 'monkey/browser.h' cannot be openedbrowser.c line 36   #include "monkey/browser.h"Error   : the file 'monkey/plot.h' cannot be openedbrowser.c line 37   #include "monkey/plot.h"Error   : undefined identifier 'MOUT_WARNING'browser.c line 46   moutf(MOUT_WARNING, "%s %s", warning, detail);Error   : illegal use of incomplete struct/union/class 'struct gui_window'browser.c line 56   if (c_ring->win_num == win_num) {Error   : illegal use of incomplete struct/union/class 'struct gui_window'browser.c line 60   } while ( 0); c_ring = c_ring->r_next; } while (c_ring != gw_ring); } iteration_end_ring_c_ring:Error   : illegal use of incomplete struct/union/class 'struct gui_window'browser.c line 69   browser_window_destroy(gw_ring->bw);Error   : illegal use of incomplete struct/union/class 'struct gui_window'browser.c line 78   struct gui_window *ret = calloc(1, sizeof(*ret));Error   : illegal use of incomplete struct/union/class 'struct gui_window'browser.c line 82   ret->win_num = win_ctr++;Error   : illegal use of incomplete struct/union/class 'struct gui_window'browser.c line 83   ret->bw = bw;Error   : illegal use of incomplete struct/union/class 'struct gui_window'browser.c line 85   ret->width = 800;Error   : illegal use of incomplete struct/union/class 'struct gui_window'browser.c line 86   ret->height = 600;Error   : undefined identifier 'MOUT_WINDOW'browser.c line 88   moutf(MOUT_WINDOW,Error   : illegal use of incomplete struct/union/class 'struct gui_window'browser.c line 90   ret->win_num, bw, existing,Error   : undefined identifier 'MOUT_WINDOW'browser.c line 93   moutf(MOUT_WINDOW,Error   : illegal use of incomplete struct/union/class 'struct gui_window'browser.c line 95   ret->win_num, ret->width, ret->height);Error   : illegal use of incomplete struct/union/class 'struct gui_window'browser.c line 97   if (gw_ring) { ret->r_next = gw_ring; ret->r_prev = gw_ring->r_prev; gw_ring->r_prev = ret; ret->r_prev->r_next = ret; } else Error   : illegal use of incomplete struct/union/class 'struct gui_window'browser.c line 97   if (gw_ring) { ret->r_next = gw_ring; ret->r_prev = gw_ring->r_prev; gw_ring->r_prev = ret; ret->r_prev->r_next = ret; } else Error   : illegal use of incomplete struct/union/class 'struct gui_window'browser.c line 97   _ring) { ret->r_next = gw_ring; ret->r_prev = gw_ring->r_prev; gw_ring->r_prev = ret; ret->r_prev->r_next = ret; } else gw_rinError   : illegal use of incomplete struct/union/class 'struct gui_window'browser.c line 97   xt = gw_ring; ret->r_prev = gw_ring->r_prev; gw_ring->r_prev = ret; ret->r_prev->r_next = ret; } else gw_ring = ret->r_prev = Error   : illegal use of incomplete struct/union/class 'struct gui_window'browser.c line 97   gw_ring->r_prev = ret; ret->r_prev->r_next = ret; } else gw_ring = ret->r_prev = ret->r_next = retError   : undefined identifier 'MOUT_WINDOW'browser.c line 105   moutf(MOUT_WINDOW, "DESTROY WIN %u", g->win_num);Error   : illegal use of incomplete struct/union/class 'struct gui_window'browser.c line 106   if (g->r_next != g ) { g->r_next->r_prev = g->r_prev; g->r_prev->r_next = g->r_next; if (gw_ring == g) gw_ring = g->r_next; } Error   : illegal use of incomplete struct/union/class 'struct gui_window'browser.c line 106   if (g->r_next != g ) { g->r_next->r_prev = g->r_prev; g->r_prev->r_next = g->r_next; if (gw_ring == g) gw_ring = g->r_next; } Error   : illegal use of incomplete struct/union/class 'struct gui_window'browser.c line 106   g->r_prev; g->r_prev->r_next = g->r_next; if (gw_ring == g) gw_ring = g->r_next; } else { gw_ring = 0; } g->r_next = g->r_prevError   : illegal use of incomplete struct/union/class 'struct gui_window'browser.c line 106   next; if (gw_ring == g) gw_ring = g->r_next; } else { gw_ring = 0; } g->r_next = g->r_prev = 0Error   : undefined identifier 'MOUT_WINDOW'browser.c line 113   moutf(MOUT_WINDOW, "TITLE WIN %u STR %s", g->win_num, title);Error   : illegal use of incomplete struct/union/class 'struct gui_window'browser.c line 127   *width = g->width;Error   : illegal use of incomplete struct/union/class 'struct gui_window'browser.c line 128   *height = g->height;Error   : undefined identifier 'MOUT_WINDOW'browser.c line 130   moutf(MOUT_WINDOW,Error   : illegal use of incomplete struct/union/class 'struct gui_window'browser.c line 132   g->win_num, *width, *height);Error   : undefined identifier 'MOUT_WINDOW'browser.c line 140   moutf(MOUT_WINDOW, "NEW_CONTENT WIN %u", g->win_num);Error   : undefined identifier 'MOUT_WINDOW'browser.c line 146   moutf(MOUT_WINDOW, "NEW_ICON WIN %u", g->win_num);Error   : undefined identifier 'MOUT_WINDOW'browser.c line 152   moutf(MOUT_WINDOW, "START_THROBBER WIN %u", g->win_num);Error   : undefined identifier 'MOUT_WINDOW'browser.c line 158   moutf(MOUT_WINDOW, "STOP_THROBBER WIN %u", g->win_num);Error   : illegal use of incomplete struct/union/class 'struct gui_window'browser.c line 175   gw->scrollx = rect->x0;Error   : illegal use of incomplete struct/union/class 'struct gui_window'browser.c line 176   gw->scrolly = rect->y0;Error   : undefined identifier 'MOUT_WINDOW'browser.c line 178   moutf(MOUT_WINDOW, "SET_SCROLL WIN %u X %d Y %d",Error   : illegal use of incomplete struct/union/class 'struct gui_window'browser.c line 179   gw->win_num, rect->x0, rect->y0);Error   : undefined identifier 'MOUT_WINDOW'browser.c line 195   moutf(MOUT_WINDOW,Error   : illegal use of incomplete struct/union/class 'struct gui_window'browser.c line 197   gw->win_num,Error   : undefined identifier 'MOUT_WINDOW'browser.c line 201   moutf(MOUT_WINDOW, "INVALIDATE_AREA WIN %u ALL", gw->win_num);Error   : illegal use of incomplete struct/union/class 'struct gui_window'browser.c line 212   if (browser_window_get_extents(g->bw, false, &width, &height) != NSERROR_OK)Error   : undefined identifier 'MOUT_WINDOW'browser.c line 215   moutf(MOUT_WINDOW, "UPDATE_EXTENT WIN %u WIDTH %d HEIGHT %d",Error   : illegal use of incomplete struct/union/class 'struct gui_window'browser.c line 216   g->win_num, width, height);Error   : undefined identifier 'MOUT_WINDOW'browser.c line 222   moutf(MOUT_WINDOW, "SET_STATUS WIN %u STR %s", g->win_num, text);Error   : undefined identifier 'MOUT_WINDOW'browser.c line 292   moutf(MOUT_WINDOW, "SET_POINTER WIN %u POINTER %s",Error   : illegal use of incomplete struct/union/class 'struct gui_window'browser.c line 293   g->win_num, ptr_name);Error   : undefined identifier 'MOUT_WINDOW'browser.c line 299   moutf(MOUT_WINDOW, "SET_URL WIN %u URL %s",Error   : illegal use of incomplete struct/union/class 'struct gui_window'browser.c line 300   g->win_num, nsurl_access(url));Error   : undefined identifier 'MOUT_WINDOW'browser.c line 307   moutf(MOUT_WINDOW, "GET_SCROLL WIN %u X %d Y %d",Error   : illegal use of incomplete struct/union/class 'struct gui_window'browser.c line 308   g->win_num, g->scrollx, g->scrolly);Error   : illegal use of incomplete struct/union/class 'struct gui_window'browser.c line 309   *sx = g->scrollx;Error   : illegal use of incomplete struct/union/class 'struct gui_window'browser.c line 310   *sy = g->scrolly;Error   : undefined identifier 'MOUT_WINDOW'browser.c line 317   moutf(MOUT_WINDOW, "SCROLL_START WIN %u", g->win_num);Error   : illegal use of incomplete struct/union/class 'struct gui_window'browser.c line 318   g->scrollx = g->scrolly = 0;Error   : undefined identifier 'MOUT_WINDOW'browser.c line 327   moutf(MOUT_WINDOW, "PLACE_CARET WIN %u X %d Y %d HEIGHT %d",Error   : illegal use of incomplete struct/union/class 'struct gui_window'browser.c line 328   g->win_num, x, y, height);Error   : undefined identifier 'MOUT_WINDOW'browser.c line 334   moutf(MOUT_WINDOW, "REMOVE_CARET WIN %u", g->win_num);Error   : undefined identifier 'MOUT_WINDOW'browser.c line 341   moutf(MOUT_WINDOW, "SCROLL_START WIN %u TYPE %i", g->win_num, type);Error   : undefined identifier 'MOUT_WINDOW'browser.c line 348   moutf(MOUT_WINDOW, "SAVE_LINK WIN %u URL %s TITLE %s",Error   : illegal use of incomplete struct/union/class 'struct gui_window'browser.c line 349   g->win_num, nsurl_access(url), title);Error   : undefined identifier 'MOUT_WINDOW'browser.c line 402   moutf(MOUT_WINDOW, "CONSOLE_LOG WIN %u SOURCE %s %sFOLDABLE %s %.*s",Error   : illegal use of incomplete struct/union/class 'struct gui_window'browser.c line 403   g->win_num, src_text, foldable ? "" : "NOT-", level_text,Error   : illegal use of incomplete struct/union/class 'struct gui_window'browser.c line 412   switch (browser_window_get_page_info_state(g->bw)) {Error   : undefined identifier 'MOUT_WINDOW'browser.c line 445   moutf(MOUT_WINDOW, "PAGE_STATUS WIN %u STATUS %s",Error   : illegal use of incomplete struct/union/class 'struct gui_window'browser.c line 446   g->win_num, state);Error   : undefined identifier 'MOUT_ERROR'browser.c line 487   moutf(MOUT_ERROR, "WINDOW NUM BAD");Error   : illegal use of incomplete struct/union/class 'struct gui_window'browser.c line 489   browser_window_destroy(gw->bw);Error   : undefined identifier 'MOUT_ERROR'browser.c line 502   moutf(MOUT_ERROR, "WINDOW GO ARGS BAD");Error   : undefined identifier 'MOUT_ERROR'browser.c line 509   moutf(MOUT_ERROR, "WINDOW NUM BAD");Error   : illegal use of incomplete struct/union/class 'struct gui_window'browser.c line 520   error = browser_window_navigate(gw->bw,Error   : undefined identifier 'MOUT_ERROR'browser.c line 547   moutf(MOUT_ERROR, "WINDOW STOP ARGS BAD\n");Error   : undefined identifier 'MOUT_ERROR'browser.c line 554   moutf(MOUT_ERROR, "WINDOW NUM BAD");Error   : illegal use of incomplete struct/union/class 'struct gui_window'browser.c line 556   browser_window_stop(gw->bw);Error   : undefined identifier 'monkey_plotters'browser.c line 569   .plot = monkey_plottersError   : undefined identifier 'MOUT_ERROR'browser.c line 573   moutf(MOUT_ERROR, "WINDOW REDRAW ARGS BAD");Error   : undefined identifier 'MOUT_ERROR'browser.c line 580   moutf(MOUT_ERROR, "WINDOW NUM BAD");Error   : illegal use of incomplete struct/union/class 'struct gui_window'browser.c line 586   clip.x1 = gw->width;Error   : illegal use of incomplete struct/union/class 'struct gui_window'browser.c line 587   clip.y1 = gw->height;Error   : undefined identifier 'MOUT_WINDOW'browser.c line 597   moutf(MOUT_WINDOW, "REDRAW WIN %d START", atoi(argv[2]));Error   : illegal use of incomplete struct/union/class 'struct gui_window'browser.c line 598   browser_window_redraw(gw->bw, gw->scrollx, gw->scrolly, &clip, &ctx);Error   : undefined identifier 'MOUT_WINDOW'browser.c line 599   moutf(MOUT_WINDOW, "REDRAW WIN %d STOP", atoi(argv[2]));Error   : undefined identifier 'MOUT_ERROR'browser.c line 607   moutf(MOUT_ERROR, "WINDOW RELOAD ARGS BAD\n");Error   : undefined identifier 'MOUT_ERROR'browser.c line 614   moutf(MOUT_ERROR, "WINDOW NUM BAD");Error   : illegal use of incomplete struct/union/class 'struct gui_window'browser.c line 616   browser_window_reload(gw->bw, argc == 4);Error   : undefined identifier 'MOUT_ERROR'browser.c line 625   moutf(MOUT_ERROR, "WINDOW EXEC ARGS BAD\n");Error   : undefined identifier 'MOUT_ERROR'browser.c line 631   moutf(MOUT_ERROR, "WINDOW NUM BAD");Error   : expression syntax errorbrowser.c line 635   for (int i = 4; i < argc; ++i) {Error   : undefined identifier 'i'browser.c line 635   for (int i = 4; i < argc; ++i) {Error   : undefined identifier 'i'browser.c line 635   for (int i = 4; i < argc; ++i) {Error   : ';' expectedbrowser.c line 636   total += strlen(argv[i]) + 1;Error   : expression syntax errorbrowser.c line 638   char *cmd = calloc(total, 1);Error   : undefined identifier 'cmd'browser.c line 639   if (cmd == NULL) {Error   : undefined identifier 'MOUT_ERROR'browser.c line 640   moutf(MOUT_ERROR, "JS WIN %d RET ENOMEM", atoi(argv[2]));Error   : expression syntax errorbrowser.c line 643   char *cmdcur = cmd; /* string cursor */Error   : expression syntax errorbrowser.c line 645   for (int argi = 4; argi < argc; ++argi) {Error   : undefined identifier 'argi'browser.c line 645   for (int argi = 4; argi < argc; ++argi) {Error   : undefined identifier 'argi'browser.c line 645   for (int argi = 4; argi < argc; ++argi) {Error   : ';' expectedbrowser.c line 646   int argl;Error   : declaration syntax errorlayout.h line 49   nserror (*width)(const struct plot_font_style *fstyle, const char *string, size_t length, int *width);Error   : declaration syntax errorlayout.h line 63   nserror (*position)(const struct plot_font_style *fstyle, const char *string, size_t length, int x, size_t *char_offset, int *Error   : declaration syntax errorlayout.h line 88   nserror (*split)(const struct plot_font_style *fstyle, const char *string, size_t length, int x, size_t *char_offset, int *actError   : declaration syntax errorlayout.h line 89   };Error   : declaration syntax errorwindow.h line 193   nserror (*invalidate)(struct gui_window *gw, const struct rect *rect);Error   : declaration syntax errorwindow.h line 223   nserror (*set_scroll)(struct gui_window *gw, const struct rect *rect);Error   : declaration syntax errorwindow.h line 240   nserror (*get_dimensions)(struct gui_window *gw, int *width, int *height);Error   : declaration syntax errorwindow.h line 253   nserror (*event)(struct gui_window *gw, enum gui_window_event event);Error   : declaration syntax errorwindow.h line 271   nserror (*set_url)(struct gui_window *gw, struct nsurl *url);Error   : declaration syntax errorwindow.h line 326   nserror (*save_link)(struct gui_window *g, struct nsurl *url, const char *title);Error   : declaration syntax errorwindow.h line 378   };Error   : illegal name overloading(included from: browser_window.h:31 browser_history.c:36)errors.h line 68   } nserror;Error   : declaration syntax errorbrowser_window.h line 195   nserror browser_window_create(enum browser_window_create_flags flags,Error   : declaration syntax errorbrowser_window.h line 198   struct browser_window **bw);Error   : declaration syntax errorbrowser_window.h line 217   nserror browser_window_navigate(struct browser_window *bw,Error   : declaration syntax errorbrowser_window.h line 223   struct hlcache_handle *parent);Error   : declaration syntax errorbrowser_window.h line 239   nserror browser_window_navigate_up(struct browser_window *bw, bool new_window);Error   : declaration syntax errorbrowser_window.h line 259   nserror browser_window_get_url(Error   : declaration syntax errorbrowser_window.h line 262   struct nsurl** url_out);Error   : declaration syntax errorbrowser_window.h line 290   nserror browser_window_get_extents(struct browser_window *bw, bool scaled,Error   : declaration syntax errorbrowser_window.h line 291   int *width, int *height);Error   : declaration syntax errorbrowser_window.h line 333   nserror browser_window_reload(struct browser_window *bw, bool all);Error   : declaration syntax errorbrowser_window.h line 370   nserror browser_window_set_scale(struct browser_window *bw, float scale, bool absolute);Error   : declaration syntax errorbrowser_window.h line 397   nserror browser_window_get_features(struct browser_window *bw,Error   : declaration syntax errorbrowser_window.h line 398   int x, int y, struct browser_window_features *data);Error   : declaration syntax errorbrowser_window.h line 447   nserror browser_window_refresh_url_bar(struct browser_window *bw);Error   : declaration syntax errorbrowser_window.h line 500   nserror browser_window_schedule_reformat(struct browser_window *bw);Error   : declaration syntax errorbrowser_window.h line 688   nserror browser_window_get_scrollbar_type(struct browser_window *bw,Error   : declaration syntax errorbrowser_window.h line 689   browser_scrolling *h, browser_scrolling *v);Error   : declaration syntax errorbrowser_window.h line 700   nserror browser_window_debug_dump(struct browser_window *bw, FILE *f, enum content_debug op);Error   : declaration syntax errorbrowser_window.h line 709   nserror browser_window_debug(struct browser_window *bw, enum content_debug op);Error   : declaration syntax errorbrowser_window.h line 723   nserror browser_window_get_name(struct browser_window *bw, const char **name);Error   : declaration syntax errorbrowser_window.h line 736   nserror browser_window_set_name(struct browser_window *bw, const char *name);Error   : declaration syntax errorbrowser_window.h line 763   nserror browser_window_console_log(struct browser_window *bw,Error   : declaration syntax errorbrowser_window.h line 767   browser_window_console_flags flags);Error   : declaration syntax errorbrowser_window.h line 796   nserror browser_window_get_ssl_chain(struct browser_window *bw, struct cert_chain **chain);Error   : declaration syntax errorbrowser_window.h line 813   nserror browser_window_show_cookies(Error   : declaration syntax errorbrowser_window.h line 814   const struct browser_window *bw);Error   : declaration syntax errorbrowser_window.h line 824   nserror browser_window_show_certificates(Error   : declaration syntax errorbrowser_window.h line 825   struct browser_window *bw);Error   : declaration syntax error(included from: hlcache.h:28 browser_history.c:37)nsurl.h line 74   nserror nsurl_create(const char * const url_s, nsurl **url);Error   : declaration syntax error(included from: hlcache.h:28 browser_history.c:37)nsurl.h line 132   nserror nsurl_get(const nsurl *url, nsurl_component parts,Error   : declaration syntax error(included from: hlcache.h:28 browser_history.c:37)nsurl.h line 133   char **url_s, size_t *url_l);Error   : declaration syntax error(included from: hlcache.h:28 browser_history.c:37)nsurl.h line 236   nserror nsurl_get_utf8(const nsurl *url, char **url_s, size_t *url_l);Error   : declaration syntax error(included from: hlcache.h:28 browser_history.c:37)nsurl.h line 286   nserror nsurl_join(const nsurl *base, const char *rel, nsurl **joined);Error   : declaration syntax error(included from: hlcache.h:28 browser_history.c:37)nsurl.h line 301   nserror nsurl_defragment(const nsurl *url, nsurl **no_frag);Error   : declaration syntax error(included from: hlcache.h:28 browser_history.c:37)nsurl.h line 319   nserror nsurl_refragment(const nsurl *url, lwc_string *frag, nsurl **new_url);Error   : declaration syntax error(included from: hlcache.h:28 browser_history.c:37)nsurl.h line 340   nserror nsurl_replace_query(const nsurl *url, const char *query,Error   : declaration syntax error(included from: hlcache.h:28 browser_history.c:37)nsurl.h line 341   nsurl **new_url);Error   : declaration syntax error(included from: hlcache.h:28 browser_history.c:37)nsurl.h line 359   nserror nsurl_replace_scheme(const nsurl *url, lwc_string *scheme,Error   : declaration syntax error(included from: hlcache.h:28 browser_history.c:37)nsurl.h line 360   nsurl **new_url);Error   : declaration syntax error(included from: hlcache.h:28 browser_history.c:37)nsurl.h line 373   nserror nsurl_nice(const nsurl *url, char **result, bool remove_extensions);Error   : declaration syntax error(included from: hlcache.h:28 browser_history.c:37)nsurl.h line 390   nserror nsurl_parent(const nsurl *url, nsurl **new_url);Error   : declaration syntax error(included from: hlcache.h:30 browser_history.c:37)content.h line 88   nserror errorcode;Error   : declaration syntax error(included from: hlcache.h:30 browser_history.c:37)content.h line 288   };Error   : declaration syntax error(included from: hlcache.h:30 browser_history.c:37)content.h line 370   nserror content_open(struct hlcache_handle *h, struct browser_window *bw,Error   : declaration syntax error(included from: hlcache.h:30 browser_history.c:37)content.h line 371   struct content *page, struct object_params *params);Error   : declaration syntax error(included from: hlcache.h:30 browser_history.c:37)content.h line 378   nserror content_close(struct hlcache_handle *h);Error   : declaration syntax error(included from: hlcache.h:30 browser_history.c:37)content.h line 400   nserror content_get_contextual_content(struct hlcache_handle *h,Error   : declaration syntax error(included from: hlcache.h:30 browser_history.c:37)content.h line 401   int x, int y, struct browser_window_features *data);Error   : declaration syntax error(included from: hlcache.h:30 browser_history.c:37)content.h line 430   nserror content_debug(struct hlcache_handle *h, enum content_debug op);Error   : declaration syntax error(included from: hlcache.h:31 browser_history.c:37)llcache.h line 93   nserror code;       /**< The error code */Error   : declaration syntax error(included from: hlcache.h:31 browser_history.c:37)llcache.h line 103   } llcache_event;Error   : declaration syntax error(included from: hlcache.h:31 browser_history.c:37)llcache.h line 113   typedef nserror (*llcache_handle_callback)(llcache_handle *handle,Error   : identifier 'llcache_event' redeclaredwas declared as: 'int'now declared as: 'const int'(included from: hlcache.h:31 browser_history.c:37)llcache.h line 114   const llcache_event *event, void *pw);Error   : declaration syntax error(included from: hlcache.h:31 browser_history.c:37)llcache.h line 162   nserror llcache_initialise(const struct llcache_parameters *parameters);Error   : declaration syntax error(included from: hlcache.h:31 browser_history.c:37)llcache.h line 192   nserror llcache_handle_retrieve(nsurl *url, uint32_t flags,Error   : illegal name overloading(included from: hlcache.h:31 browser_history.c:37)llcache.h line 193   nsurl *referer, const llcache_post_data *post,Error   : ';' expected(included from: hlcache.h:31 browser_history.c:37)llcache.h line 194   llcache_handle_callback cb, void *pw,Error   : illegal name overloading(included from: hlcache.h:31 browser_history.c:37)llcache.h line 195   llcache_handle **result);Error   : declaration syntax error(included from: hlcache.h:31 browser_history.c:37)llcache.h line 205   nserror llcache_handle_change_callback(llcache_handle *handle,Error   : declaration syntax error(included from: hlcache.h:31 browser_history.c:37)llcache.h line 206   llcache_handle_callback cb, void *pw);Error   : declaration syntax error(included from: hlcache.h:31 browser_history.c:37)llcache.h line 214   nserror llcache_handle_release(llcache_handle *handle);Error   : declaration syntax error(included from: hlcache.h:31 browser_history.c:37)llcache.h line 224   nserror llcache_handle_clone(llcache_handle *handle, llcache_handle **result);Error   : declaration syntax error(included from: hlcache.h:31 browser_history.c:37)llcache.h line 232   nserror llcache_handle_abort(llcache_handle *handle);Error   : declaration syntax error(included from: hlcache.h:31 browser_history.c:37)llcache.h line 240   nserror llcache_handle_force_stream(llcache_handle *handle);Error   : declaration syntax error(included from: hlcache.h:31 browser_history.c:37)llcache.h line 248   nserror llcache_handle_invalidate_cache_data(llcache_handle *handle);Error   : declaration syntax errorhlcache.h line 63   typedef nserror (*hlcache_handle_callback)(hlcache_handle *handle,Error   : identifier 'event' redeclaredwas declared as: 'int'now declared as: 'const struct hlcache_event *'hlcache.h line 64   const hlcache_event *event, void *pw);Error   : declaration syntax errorhlcache.h line 84   nserror hlcache_initialise(const struct hlcache_parameters *hlcache_parameters);Error   : declaration syntax errorhlcache.h line 119   nserror hlcache_handle_retrieve(nsurl *url, uint32_t flags,Error   : illegal name overloadinghlcache.h line 120   nsurl *referer, llcache_post_data *post,Error   : declaration syntax errorhlcache.h line 121   hlcache_handle_callback cb, void *pw,Error   : illegal name overloadinghlcache.h line 122   hlcache_child_context *child,Error   : declaration syntax errorhlcache.h line 123   content_type accepted_types, hlcache_handle **result);Error   : declaration syntax errorhlcache.h line 131   nserror hlcache_handle_release(hlcache_handle *handle);Error   : declaration syntax errorhlcache.h line 139   nserror hlcache_handle_abort(hlcache_handle *handle);Error   : declaration syntax errorhlcache.h line 149   nserror hlcache_handle_replace_callback(hlcache_handle *handle,Error   : declaration syntax errorhlcache.h line 150   hlcache_handle_callback cb, void *pw);Error   : declaration syntax errorhlcache.h line 177   nserror hlcache_handle_clone(hlcache_handle *handle, hlcache_handle **result);Error   : declaration syntax error(included from: urldb.h:29 browser_history.c:38)url_db.h line 49   nserror urldb_load(const char *filename);Error   : declaration syntax error(included from: urldb.h:29 browser_history.c:38)url_db.h line 57   nserror urldb_save(const char *filename);Error   : declaration syntax error(included from: urldb.h:30 browser_history.c:38)cookie_db.h line 89   nserror urldb_load_cookies(const char *filename);Error   : declaration syntax error(included from: urldb.h:30 browser_history.c:38)cookie_db.h line 97   nserror urldb_save_cookies(const char *filename);Error   : declaration syntax errorurldb.h line 45   nserror urldb_set_url_persistence(struct nsurl *url, bool persist);Error   : declaration syntax errorurldb.h line 64   nserror urldb_set_url_title(struct nsurl *url, const char *title);Error   : declaration syntax errorurldb.h line 74   nserror urldb_set_url_content_type(struct nsurl *url, content_type type);Error   : declaration syntax errorurldb.h line 104   nserror urldb_update_url_visit_data(struct nsurl *url);Error   : declaration syntax errorbitmap.h line 208   nserror (*render)(struct bitmap *bitmap, struct hlcache_handle *content);Error   : declaration syntax errorbitmap.h line 209   };Error   : illegal implicit conversion from 'int' to'const char *'browser_window.c line 1043   tmp = strchr(userpass, ':');Error   : expression syntax error(included from: propset.h:15 caption_side.c:10)autogenerated_propset.h line 2290   uint32_t *bits = &style->i.bits[WIDTH_INDEX];Error   : undefined identifier 'bits'(included from: propset.h:15 caption_side.c:10)autogenerated_propset.h line 2293   *bits = (*bits & ~WIDTH_MASK) | ((((uint32_t)type & 0x3) | (unit << 2))Error   : not an lvalue(included from: propset.h:15 caption_side.c:10)autogenerated_propset.h line 2294   << WIDTH_SHIFT);Error   : declaration syntax error(included from: document.h:31 cdatasection.c:12)hashtable.h line 70   nserror hash_add(struct hash_table *ht, const char *key, const char *value);Error   : declaration syntax error(included from: document.h:31 cdatasection.c:12)hashtable.h line 95   nserror hash_add_file(struct hash_table *ht, const char *path);Error   : declaration syntax error(included from: document.h:31 cdatasection.c:12)hashtable.h line 109   nserror hash_add_inline(struct hash_table *ht, const uint8_t *data, size_t size);Error   : declaration syntax error(included from: document.h:31 characterdata.c:17)hashtable.h line 70   nserror hash_add(struct hash_table *ht, const char *key, const char *value);Error   : declaration syntax error(included from: document.h:31 characterdata.c:17)hashtable.h line 95   nserror hash_add_file(struct hash_table *ht, const char *path);Error   : declaration syntax error(included from: document.h:31 characterdata.c:17)hashtable.h line 109   nserror hash_add_inline(struct hash_table *ht, const uint8_t *data, size_t size);Error   : expression syntax error(included from: propset.h:15 clear.c:10)autogenerated_propset.h line 2290   uint32_t *bits = &style->i.bits[WIDTH_INDEX];Error   : undefined identifier 'bits'(included from: propset.h:15 clear.c:10)autogenerated_propset.h line 2293   *bits = (*bits & ~WIDTH_MASK) | ((((uint32_t)type & 0x3) | (unit << 2))Error   : not an lvalue(included from: propset.h:15 clear.c:10)autogenerated_propset.h line 2294   << WIDTH_SHIFT);Error   : the file 'macos9/macos9.h' cannot be openedclipboard.c line 16   #include "macos9/macos9.h"Error   : expression syntax error(included from: propset.h:15 color.c:10)autogenerated_propset.h line 2290   uint32_t *bits = &style->i.bits[WIDTH_INDEX];Error   : undefined identifier 'bits'(included from: propset.h:15 color.c:10)autogenerated_propset.h line 2293   *bits = (*bits & ~WIDTH_MASK) | ((((uint32_t)type & 0x3) | (unit << 2))Error   : not an lvalue(included from: propset.h:15 color.c:10)autogenerated_propset.h line 2294   << WIDTH_SHIFT);Error   : expression syntax error(included from: propset.h:15 column_count.c:10)autogenerated_propset.h line 2290   uint32_t *bits = &style->i.bits[WIDTH_INDEX];Error   : undefined identifier 'bits'(included from: propset.h:15 column_count.c:10)autogenerated_propset.h line 2293   *bits = (*bits & ~WIDTH_MASK) | ((((uint32_t)type & 0x3) | (unit << 2))Error   : not an lvalue(included from: propset.h:15 column_count.c:10)autogenerated_propset.h line 2294   << WIDTH_SHIFT);Error   : expression syntax error(included from: propset.h:15 column_fill.c:10)autogenerated_propset.h line 2290   uint32_t *bits = &style->i.bits[WIDTH_INDEX];Error   : undefined identifier 'bits'(included from: propset.h:15 column_fill.c:10)autogenerated_propset.h line 2293   *bits = (*bits & ~WIDTH_MASK) | ((((uint32_t)type & 0x3) | (unit << 2))Error   : not an lvalue(included from: propset.h:15 column_fill.c:10)autogenerated_propset.h line 2294   << WIDTH_SHIFT);Error   : expression syntax error(included from: propset.h:15 column_gap.c:10)autogenerated_propset.h line 2290   uint32_t *bits = &style->i.bits[WIDTH_INDEX];Error   : undefined identifier 'bits'(included from: propset.h:15 column_gap.c:10)autogenerated_propset.h line 2293   *bits = (*bits & ~WIDTH_MASK) | ((((uint32_t)type & 0x3) | (unit << 2))Error   : not an lvalue(included from: propset.h:15 column_gap.c:10)autogenerated_propset.h line 2294   << WIDTH_SHIFT);Error   : expression syntax error(included from: propset.h:15 column_rule_color.c:10)autogenerated_propset.h line 2290   uint32_t *bits = &style->i.bits[WIDTH_INDEX];Error   : undefined identifier 'bits'(included from: propset.h:15 column_rule_color.c:10)autogenerated_propset.h line 2293   *bits = (*bits & ~WIDTH_MASK) | ((((uint32_t)type & 0x3) | (unit << 2))Error   : not an lvalue(included from: propset.h:15 column_rule_color.c:10)autogenerated_propset.h line 2294   << WIDTH_SHIFT);Error   : expression syntax error(included from: propset.h:15 column_rule_style.c:10)autogenerated_propset.h line 2290   uint32_t *bits = &style->i.bits[WIDTH_INDEX];Error   : undefined identifier 'bits'(included from: propset.h:15 column_rule_style.c:10)autogenerated_propset.h line 2293   *bits = (*bits & ~WIDTH_MASK) | ((((uint32_t)type & 0x3) | (unit << 2))Error   : not an lvalue(included from: propset.h:15 column_rule_style.c:10)autogenerated_propset.h line 2294   << WIDTH_SHIFT);Error   : expression syntax error(included from: propset.h:15 column_rule_width.c:10)autogenerated_propset.h line 2290   uint32_t *bits = &style->i.bits[WIDTH_INDEX];Error   : undefined identifier 'bits'(included from: propset.h:15 column_rule_width.c:10)autogenerated_propset.h line 2293   *bits = (*bits & ~WIDTH_MASK) | ((((uint32_t)type & 0x3) | (unit << 2))Error   : not an lvalue(included from: propset.h:15 column_rule_width.c:10)autogenerated_propset.h line 2294   << WIDTH_SHIFT);Error   : expression syntax error(included from: propset.h:15 column_span.c:10)autogenerated_propset.h line 2290   uint32_t *bits = &style->i.bits[WIDTH_INDEX];Error   : undefined identifier 'bits'(included from: propset.h:15 column_span.c:10)autogenerated_propset.h line 2293   *bits = (*bits & ~WIDTH_MASK) | ((((uint32_t)type & 0x3) | (unit << 2))Error   : not an lvalue(included from: propset.h:15 column_span.c:10)autogenerated_propset.h line 2294   << WIDTH_SHIFT);Error   : expression syntax error(included from: propset.h:15 column_width.c:10)autogenerated_propset.h line 2290   uint32_t *bits = &style->i.bits[WIDTH_INDEX];Error   : undefined identifier 'bits'(included from: propset.h:15 column_width.c:10)autogenerated_propset.h line 2293   *bits = (*bits & ~WIDTH_MASK) | ((((uint32_t)type & 0x3) | (unit << 2))Error   : not an lvalue(included from: propset.h:15 column_width.c:10)autogenerated_propset.h line 2294   << WIDTH_SHIFT);Error   : declaration syntax error(included from: document.h:31 comment.c:13)hashtable.h line 70   nserror hash_add(struct hash_table *ht, const char *key, const char *value);Error   : declaration syntax error(included from: document.h:31 comment.c:13)hashtable.h line 95   nserror hash_add_file(struct hash_table *ht, const char *path);Error   : declaration syntax error(included from: document.h:31 comment.c:13)hashtable.h line 109   nserror hash_add_inline(struct hash_table *ht, const uint8_t *data, size_t size);Error   : undefined identifier 'css_error'arena.h line 24   enum css_error css__arena_intern_style(struct css_computed_style **style);Error   : undefined identifier 'css_error'arena.h line 32   enum css_error css__arena_remove_style(struct css_computed_style *style);Error   : expression syntax error(included from: propset.h:15 computed.c:15)autogenerated_propset.h line 2290   uint32_t *bits = &style->i.bits[WIDTH_INDEX];Error   : undefined identifier 'bits'(included from: propset.h:15 computed.c:15)autogenerated_propset.h line 2293   *bits = (*bits & ~WIDTH_MASK) | ((((uint32_t)type & 0x3) | (unit << 2))Error   : not an lvalue(included from: propset.h:15 computed.c:15)autogenerated_propset.h line 2294   << WIDTH_SHIFT);Error   : expression syntax errorcomputed.c line 760   uint8_t ret = get_width(style, &length_, unit);Error   : undefined identifier 'ret'computed.c line 761   if (ret == CSS_WIDTH_SET) {Error   : undefined identifier 'ret'computed.c line 767   return ret;Error   : expression syntax error(included from: propset.h:15 content.c:10)autogenerated_propset.h line 2290   uint32_t *bits = &style->i.bits[WIDTH_INDEX];Error   : undefined identifier 'bits'(included from: propset.h:15 content.c:10)autogenerated_propset.h line 2293   *bits = (*bits & ~WIDTH_MASK) | ((((uint32_t)type & 0x3) | (unit << 2))Error   : not an lvalue(included from: propset.h:15 content.c:10)autogenerated_propset.h line 2294   << WIDTH_SHIFT);Error   : illegal implicit conversion from 'int' to'struct tm *'cookie_manager.c line 251   if ((ftime = localtime(value)) != NULL) {Error   : expression syntax error(included from: propset.h:15 counter_increment.c:10)autogenerated_propset.h line 2290   uint32_t *bits = &style->i.bits[WIDTH_INDEX];Error   : undefined identifier 'bits'(included from: propset.h:15 counter_increment.c:10)autogenerated_propset.h line 2293   *bits = (*bits & ~WIDTH_MASK) | ((((uint32_t)type & 0x3) | (unit << 2))Error   : not an lvalue(included from: propset.h:15 counter_increment.c:10)autogenerated_propset.h line 2294   << WIDTH_SHIFT);Error   : expression syntax error(included from: propset.h:15 counter_reset.c:10)autogenerated_propset.h line 2290   uint32_t *bits = &style->i.bits[WIDTH_INDEX];Error   : undefined identifier 'bits'(included from: propset.h:15 counter_reset.c:10)autogenerated_propset.h line 2293   *bits = (*bits & ~WIDTH_MASK) | ((((uint32_t)type & 0x3) | (unit << 2))Error   : not an lvalue(included from: propset.h:15 counter_reset.c:10)autogenerated_propset.h line 2294   << WIDTH_SHIFT);